Archive member included because of file (symbol)

C:/Users/Victor/git/reflowOven/bluePillReflow/Release/arduino.ar(start.S.o)
                              (__start__)
C:/Users/Victor/git/reflowOven/bluePillReflow/Release/arduino.ar(start_c.c.o)
                              (start_c)
C:/Users/Victor/git/reflowOven/bluePillReflow/Release/arduino.ar(syscalls.c.o)
                              (_sbrk)
C:/Users/Victor/git/reflowOven/bluePillReflow/Release/arduino.ar(board.cpp.o)
                              .\libraries\Wire\SoftWire.cpp.o (PIN_MAP)
C:/Users/Victor/git/reflowOven/bluePillReflow/Release/arduino.ar(wirish_digital_f1.cpp.o)
                              .\sloeber.ino.cpp.o (pinMode(unsigned char, WiringPinMode))
C:/Users/Victor/git/reflowOven/bluePillReflow/Release/arduino.ar(usb.c.o)
                              (__irq_usb_lp_can_rx0)
C:/Users/Victor/git/reflowOven/bluePillReflow/Release/arduino.ar(usb_cdcacm.c.o)
                              C:/Users/Victor/git/reflowOven/bluePillReflow/Release/arduino.ar(usb.c.o) (User_Standard_Requests)
C:/Users/Victor/git/reflowOven/bluePillReflow/Release/arduino.ar(usb_reg_map.c.o)
                              C:/Users/Victor/git/reflowOven/bluePillReflow/Release/arduino.ar(usb_cdcacm.c.o) (usb_set_ep_rx_count)
C:/Users/Victor/git/reflowOven/bluePillReflow/Release/arduino.ar(isrs.S.o)
                              (__exc_nmi)
C:/Users/Victor/git/reflowOven/bluePillReflow/Release/arduino.ar(vector_table.S.o)
                              (__stm32_vector_table)
C:/Users/Victor/git/reflowOven/bluePillReflow/Release/arduino.ar(adc_f1.c.o)
                              C:/Users/Victor/git/reflowOven/bluePillReflow/Release/arduino.ar(board.cpp.o) (adc1)
C:/Users/Victor/git/reflowOven/bluePillReflow/Release/arduino.ar(dma.c.o)
                              .\libraries\SPI\src\SPI.cpp.o (dma_init)
C:/Users/Victor/git/reflowOven/bluePillReflow/Release/arduino.ar(dma_f1.c.o)
                              .\libraries\SPI\src\SPI.cpp.o (dma_set_priority)
C:/Users/Victor/git/reflowOven/bluePillReflow/Release/arduino.ar(gpio_f1.c.o)
                              C:/Users/Victor/git/reflowOven/bluePillReflow/Release/arduino.ar(wirish_digital_f1.cpp.o) (gpio_set_mode)
C:/Users/Victor/git/reflowOven/bluePillReflow/Release/arduino.ar(i2c.c.o)
                              .\libraries\Wire\Wire.cpp.o (i2c_master_enable)
C:/Users/Victor/git/reflowOven/bluePillReflow/Release/arduino.ar(i2c_f1.c.o)
                              C:/Users/Victor/git/reflowOven/bluePillReflow/Release/arduino.ar(i2c.c.o) (i2c_config_gpios)
C:/Users/Victor/git/reflowOven/bluePillReflow/Release/arduino.ar(nvic.c.o)
                              C:/Users/Victor/git/reflowOven/bluePillReflow/Release/arduino.ar(i2c_f1.c.o) (nvic_irq_set_priority)
C:/Users/Victor/git/reflowOven/bluePillReflow/Release/arduino.ar(rcc.c.o)
                              .\libraries\SPI\src\SPI.cpp.o (rcc_dev_clk)
C:/Users/Victor/git/reflowOven/bluePillReflow/Release/arduino.ar(rcc_f1.c.o)
                              C:/Users/Victor/git/reflowOven/bluePillReflow/Release/arduino.ar(usb.c.o) (rcc_clk_enable)
C:/Users/Victor/git/reflowOven/bluePillReflow/Release/arduino.ar(spi.c.o)
                              .\libraries\SPI\src\SPI.cpp.o (spi_init)
C:/Users/Victor/git/reflowOven/bluePillReflow/Release/arduino.ar(spi_f1.c.o)
                              .\libraries\SPI\src\SPI.cpp.o (spi_config_gpios)
C:/Users/Victor/git/reflowOven/bluePillReflow/Release/arduino.ar(systick.c.o)
                              .\libraries\encoder\ClickEncoder.cpp.o (systick_uptime_millis)
C:/Users/Victor/git/reflowOven/bluePillReflow/Release/arduino.ar(timer.c.o)
                              .\libraries\SPI\src\SPI.cpp.o (timer_set_mode)
C:/Users/Victor/git/reflowOven/bluePillReflow/Release/arduino.ar(usart_f1.c.o)
                              C:/Users/Victor/git/reflowOven/bluePillReflow/Release/arduino.ar(board.cpp.o) (USART3)
C:/Users/Victor/git/reflowOven/bluePillReflow/Release/arduino.ar(usart_private.c.o)
                              C:/Users/Victor/git/reflowOven/bluePillReflow/Release/arduino.ar(usart_f1.c.o) (_usart_clock_freq)
C:/Users/Victor/git/reflowOven/bluePillReflow/Release/arduino.ar(util.c.o)
                              .\libraries\SPI\src\SPI.cpp.o (_fail)
C:/Users/Victor/git/reflowOven/bluePillReflow/Release/arduino.ar(HardwareSerial.cpp.o)
                              C:/Users/Victor/git/reflowOven/bluePillReflow/Release/arduino.ar(board.cpp.o) (HardwareSerial::HardwareSerial(usart_dev*, unsigned char, unsigned char))
C:/Users/Victor/git/reflowOven/bluePillReflow/Release/arduino.ar(HardwareTimer.cpp.o)
                              .\sloeber.ino.cpp.o (HardwareTimer::pause())
C:/Users/Victor/git/reflowOven/bluePillReflow/Release/arduino.ar(Print.cpp.o)
[...]
Memory Configuration

Name             Origin             Length             Attributes
ram              0x20000000         0x00005000         xrw
rom              0x08002000         0x0001e000         xr
*default*        0x00000000         0xffffffff

Linker script and memory map

LOAD c:/sloeber/arduinoplugin/packages/arduino/tools/arm-none-eabi-gcc/4.8.3-2014q1/bin/../lib/gcc/arm-none-eabi/4.8.3/armv7-m/crti.o
LOAD c:/sloeber/arduinoplugin/packages/arduino/tools/arm-none-eabi-gcc/4.8.3-2014q1/bin/../lib/gcc/arm-none-eabi/4.8.3/armv7-m/crtbegin.o
LOAD c:/sloeber/arduinoplugin/packages/arduino/tools/arm-none-eabi-gcc/4.8.3-2014q1/bin/../lib/gcc/arm-none-eabi/4.8.3/../../../../arm-none-eabi/lib/armv7-m/crt0.o
LOAD c:/sloeber/arduinoplugin/packages/arduino/tools/arm-none-eabi-gcc/4.8.3-2014q1/bin/../lib/gcc/arm-none-eabi/4.8.3/armv7-m\libgcc.a
START GROUP
LOAD .\sloeber.ino.cpp.o
LOAD .\libraries\encoder\ClickEncoder.cpp.o
LOAD .\libraries\Wire\SoftWire.cpp.o
LOAD .\libraries\Wire\Wire.cpp.o
LOAD .\libraries\Wire\WireBase.cpp.o
LOAD .\libraries\SPI\src\SPI.cpp.o
LOAD .\libraries\PID_v1\PID_v1.cpp.o
LOAD .\libraries\Menu\Menu.cpp.o
LOAD .\libraries\MAX6675-library\src\max6675.cpp.o
LOAD .\libraries\EEPROM\EEPROM.cpp.o
LOAD .\libraries\EEPROM\flash_stm32.c.o
LOAD .\libraries\Adafruit-GFX-Library-master\Adafruit_GFX.cpp.o
LOAD .\libraries\Adafruit-GFX-Library-master\glcdfont.c.o
LOAD .\extEEPROM\extEEPROM.cpp.o
LOAD .\TFT_ILI9163C\TFT_ILI9163C.cpp.o
LOAD C:/Users/Victor/git/reflowOven/bluePillReflow/Release/arduino.ar
END GROUP
LOAD c:/sloeber/arduinoplugin/packages/arduino/tools/arm-none-eabi-gcc/4.8.3-2014q1/bin/../lib/gcc/arm-none-eabi/4.8.3/../../../../arm-none-eabi/lib/armv7-m\libstdc++.a
LOAD c:/sloeber/arduinoplugin/packages/arduino/tools/arm-none-eabi-gcc/4.8.3-2014q1/bin/../lib/gcc/arm-none-eabi/4.8.3/../../../../arm-none-eabi/lib/armv7-m\libm.a
START GROUP
LOAD c:/sloeber/arduinoplugin/packages/arduino/tools/arm-none-eabi-gcc/4.8.3-2014q1/bin/../lib/gcc/arm-none-eabi/4.8.3/armv7-m\libgcc.a
LOAD c:/sloeber/arduinoplugin/packages/arduino/tools/arm-none-eabi-gcc/4.8.3-2014q1/bin/../lib/gcc/arm-none-eabi/4.8.3/../../../../arm-none-eabi/lib/armv7-m\libc.a
END GROUP
LOAD c:/sloeber/arduinoplugin/packages/arduino/tools/arm-none-eabi-gcc/4.8.3-2014q1/bin/../lib/gcc/arm-none-eabi/4.8.3/armv7-m/crtend.o
LOAD c:/sloeber/arduinoplugin/packages/arduino/tools/arm-none-eabi-gcc/4.8.3-2014q1/bin/../lib/gcc/arm-none-eabi/4.8.3/armv7-m/crtn.o
START GROUP
LOAD c:/sloeber/arduinoplugin/packages/arduino/tools/arm-none-eabi-gcc/4.8.3-2014q1/bin/../lib/gcc/arm-none-eabi/4.8.3/armv7-m\libgcc.a
LOAD c:/sloeber/arduinoplugin/packages/arduino/tools/arm-none-eabi-gcc/4.8.3-2014q1/bin/../lib/gcc/arm-none-eabi/4.8.3/../../../../arm-none-eabi/lib/armv7-m\libc.a
LOAD c:/sloeber/arduinoplugin/packages/arduino/tools/arm-none-eabi-gcc/4.8.3-2014q1/bin/../lib/gcc/arm-none-eabi/4.8.3/../../../../arm-none-eabi/lib/armv7-m\libm.a
END GROUP
START GROUP
LOAD c:/sloeber/arduinoplugin/packages/arduino/tools/arm-none-eabi-gcc/4.8.3-2014q1/bin/../lib/gcc/arm-none-eabi/4.8.3/../../../../arm-none-eabi/lib/armv7-m\libnosys.a
END GROUP
                0x20005000                PROVIDE (__msp_init, (ORIGIN (ram) + 0x5000))
                0x08005e58                PROVIDE (__exc_reset, __start__)

.text           0x08002000     0x90b8
                0x08002000                __text_start__ = .
 *(.stm32.interrupt_vector)
 .stm32.interrupt_vector
                0x08002000       0xec C:/Users/Victor/git/reflowOven/bluePillReflow/Release/arduino.ar(vector_table.S.o)
                0x08002000                __stm32_vector_table
 *(.text .text.* .gnu.linkonce.t.*)
 .text          0x080020ec       0x54 c:/sloeber/arduinoplugin/packages/arduino/tools/arm-none-eabi-gcc/4.8.3-2014q1/bin/../lib/gcc/arm-none-eabi/4.8.3/armv7-m/crtbegin.o
 .text._Z9menuDummyN4Menu8Action_sE
                0x08002140        0x4 .\sloeber.ino.cpp.o
                0x08002140                menuDummy(Menu::Action_s)
 .text._Z15zeroCrossingIsrv
                0x08002144       0x88 .\sloeber.ino.cpp.o
                0x08002144                zeroCrossingIsr()
 .text._Z8timerIsrv
                0x080021cc       0x84 .\sloeber.ino.cpp.o
                0x080021cc                timerIsr()
 .text._Z18makeDefaultProfilev
                0x08002250       0x38 .\sloeber.ino.cpp.o
                0x08002250                makeDefaultProfile()
 .text._Z4lpowii
                0x08002288       0x14 .\sloeber.ino.cpp.o
                0x08002288                lpow(int, int)
 .text._Z6itoa10lPcb
                0x0800229c       0x50 .\sloeber.ino.cpp.o
                0x0800229c                itoa10(long, char*, bool)
 .text._Z4ftoaPcfi
                0x080022ec       0xd2 .\sloeber.ino.cpp.o
                0x080022ec                ftoa(char*, float, int)
 .text._Z6itostrPcsS_
                0x080023be       0x2c .\sloeber.ino.cpp.o
                0x080023be                itostr(char*, short, char*)
 .text._Z4crc8Pht
                0x080023ea       0x3c .\sloeber.ino.cpp.o
                0x080023ea                crc8(unsigned char*, unsigned short)
 *fill*         0x08002426        0x2 
 .text._Z7savePIDv
                0x08002428       0x1c .\sloeber.ino.cpp.o
                0x08002428                savePID()
 .text._Z7loadPIDv
                0x08002444       0x1c .\sloeber.ino.cpp.o
                0x08002444                loadPID()
 .text._Z12saveFanSpeedv
                0x08002460       0x24 .\sloeber.ino.cpp.o
                0x08002460                saveFanSpeed()
 .text._Z12loadFanSpeedv
                0x08002484       0x1c .\sloeber.ino.cpp.o
                0x08002484                loadFanSpeed()
 .text._Z19saveLastUsedProfilev
                0x080024a0       0x18 .\sloeber.ino.cpp.o
                0x080024a0                saveLastUsedProfile()
 .text._Z14loadParametersh
                0x080024b8       0x30 .\sloeber.ino.cpp.o
                0x080024b8                loadParameters(unsigned char)
 .text._Z19loadLastUsedProfilev
                0x080024e8       0x2c .\sloeber.ino.cpp.o
                0x080024e8                loadLastUsedProfile()
 .text._Z14saveParametersh
                0x08002514       0x30 .\sloeber.ino.cpp.o
                0x08002514                saveParameters(unsigned char)
 .text._Z16readThermocouplev
                0x08002544       0x38 .\sloeber.ino.cpp.o
                0x08002544                readThermocouple()
 .text._Z16alignRightPrefixt
                0x0800257c       0x44 .\sloeber.ino.cpp.o
                0x0800257c                alignRightPrefix(unsigned short)
 .text._Z23displayThermocoupleDatahh
                0x080025c0       0x74 .\sloeber.ino.cpp.o
                0x080025c0                displayThermocoupleData(unsigned char, unsigned char)
 .text._Z28clearLastMenuItemRenderStatev
                0x08002634       0x1c .\sloeber.ino.cpp.o
                0x08002634                clearLastMenuItemRenderState()
 .text._Z8menuExitN4Menu8Action_sE
                0x08002650       0x20 .\sloeber.ino.cpp.o
                0x08002650                menuExit(Menu::Action_s)
 .text._Z15menu_cycleStartN4Menu8Action_sE
                0x08002670       0x3c .\sloeber.ino.cpp.o
                0x08002670                menu_cycleStart(Menu::Action_s)
 .text._Z10printFloatfh
                0x080026ac       0x24 .\sloeber.ino.cpp.o
                0x080026ac                printFloat(float, unsigned char)
 .text._Z19getItemValuePointerPKN4Menu6Item_sEPPfPPs
                0x080026d0       0xd4 .\sloeber.ino.cpp.o
                0x080026d0                getItemValuePointer(Menu::Item_s const*, float**, short**)
 .text._Z12isPidSettingPKN4Menu6Item_sE
                0x080027a4       0x28 .\sloeber.ino.cpp.o
                0x080027a4                isPidSetting(Menu::Item_s const*)
 .text._Z13isRampSettingPKN4Menu6Item_sE
                0x080027cc       0x1c .\sloeber.ino.cpp.o
                0x080027cc                isRampSetting(Menu::Item_s const*)
 .text._Z17getItemValueLabelPKN4Menu6Item_sEPc
                0x080027e8       0xf0 .\sloeber.ino.cpp.o
                0x080027e8                getItemValueLabel(Menu::Item_s const*, char*)
 .text._Z9setupPinsv
                0x080028d8       0x4e .\sloeber.ino.cpp.o
                0x080028d8                setupPins()
 *fill*         0x08002926        0x2 
 .text._Z13killRelayPinsv
                0x08002928       0x28 .\sloeber.ino.cpp.o
                0x08002928                killRelayPins()
 .text._Z18updateRampSetpointb
                0x08002950       0x78 .\sloeber.ino.cpp.o
                0x08002950                updateRampSetpoint(bool)
 .text._Z18updateSoakSetpointb
                0x080029c8       0x94 .\sloeber.ino.cpp.o
                0x080029c8                updateSoakSetpoint(bool)
 .text._Z8firstRunv
                0x08002a5c       0x24 .\sloeber.ino.cpp.o
                0x08002a5c                firstRun()
 .text.startup._GLOBAL__sub_I_ver
                0x08002a80       0x9c .\sloeber.ino.cpp.o
 .text._Z8setupTFTv
                0x08002b1c       0x48 .\sloeber.ino.cpp.o
                0x08002b1c                setupTFT()
 .text._Z13displaySplashv
                0x08002b64       0xc8 .\sloeber.ino.cpp.o
                0x08002b64                displaySplash()
 .text._Z12displayErrori
                0x08002c2c      0x100 .\sloeber.ino.cpp.o
                0x08002c2c                displayError(int)
 .text._Z14abortWithErrori
                0x08002d2c        0xe .\sloeber.ino.cpp.o
                0x08002d2c                abortWithError(int)
 *fill*         0x08002d3a        0x2 
 .text._Z12factoryResetv
                0x08002d3c       0xd4 .\sloeber.ino.cpp.o
                0x08002d3c                factoryReset()
 .text._Z5setupv
                0x08002e10      0x144 .\sloeber.ino.cpp.o
                0x08002e10                setup()
 .text._Z17menu_factoryResetN4Menu8Action_sE
                0x08002f54       0xb4 .\sloeber.ino.cpp.o
                0x08002f54                menu_factoryReset(Menu::Action_s)
 .text._Z20memoryFeedbackScreenhb
                0x08003008       0x60 .\sloeber.ino.cpp.o
                0x08003008                memoryFeedbackScreen(unsigned char, bool)
 .text._Z11loadProfilej
                0x08003068       0x2c .\sloeber.ino.cpp.o
                0x08003068                loadProfile(unsigned int)
 .text._Z11saveProfilejb
                0x08003094       0x2c .\sloeber.ino.cpp.o
                0x08003094                saveProfile(unsigned int, bool)
 .text._Z20menu_saveLoadProfileN4Menu8Action_sE
                0x080030c0      0x120 .\sloeber.ino.cpp.o
                0x080030c0                menu_saveLoadProfile(Menu::Action_s)
 .text._Z23menu_editNumericalValueN4Menu8Action_sE
                0x080031e0      0x1b0 .\sloeber.ino.cpp.o
                0x080031e0                menu_editNumericalValue(Menu::Action_s)
 .text._Z14renderMenuItemPKN4Menu6Item_sEh
                0x08003390      0x10c .\sloeber.ino.cpp.o
                0x08003390                renderMenuItem(Menu::Item_s const*, unsigned char)
 *fill*         0x0800349c        0x4 
 .text._Z25drawInitialProcessDisplayv
                0x080034a0      0x208 .\sloeber.ino.cpp.o
                0x080034a0                drawInitialProcessDisplay()
 .text._Z20updateProcessDisplayv
                0x080036a8      0x2dc .\sloeber.ino.cpp.o
                0x080036a8                updateProcessDisplay()
 *fill*         0x08003984        0x4 
 .text._Z4loopv
                0x08003988      0x580 .\sloeber.ino.cpp.o
                0x08003988                loop()
 .text._ZN12ClickEncoderC2Eaaahb
                0x08003f08       0x98 .\libraries\encoder\ClickEncoder.cpp.o
                0x08003f08                ClickEncoder::ClickEncoder(signed char, signed char, signed char, unsigned char, bool)
                0x08003f08                ClickEncoder::ClickEncoder(signed char, signed char, signed char, unsigned char, bool)
 .text._ZN12ClickEncoder8getValueEv
                0x08003fa0       0x5e .\libraries\encoder\ClickEncoder.cpp.o
                0x08003fa0                ClickEncoder::getValue()
 .text._ZN12ClickEncoder9getButtonEv
                0x08003ffe       0x1a .\libraries\encoder\ClickEncoder.cpp.o
                0x08003ffe                ClickEncoder::getButton()
 .text._ZN12ClickEncoder11getPinStateEv
                0x08004018       0x36 .\libraries\encoder\ClickEncoder.cpp.o
                0x08004018                ClickEncoder::getPinState()
 *fill*         0x0800404e        0x2 
 .text._ZN12ClickEncoder7serviceEv
                0x08004050      0x138 .\libraries\encoder\ClickEncoder.cpp.o
                0x08004050                ClickEncoder::service()
 .text._ZN8HardWire7processEv
                0x08004188        0xc .\libraries\Wire\Wire.cpp.o
                0x08004188                HardWire::process()
 .text._ZN8HardWire7processEh
                0x08004194       0x56 .\libraries\Wire\Wire.cpp.o
                0x08004194                HardWire::process(unsigned char)
 .text._ZN8HardWire5beginEh
                0x080041ea        0xc .\libraries\Wire\Wire.cpp.o
                0x080041ea                HardWire::begin(unsigned char)
 *fill*         0x080041f6        0x2 
 .text._ZN8HardWireD2Ev
                0x080041f8       0x28 .\libraries\Wire\Wire.cpp.o
                0x080041f8                HardWire::~HardWire()
                0x080041f8                HardWire::~HardWire()
 .text._ZN8HardWire8setClockEm
                0x08004220       0x1c .\libraries\Wire\Wire.cpp.o
                0x08004220                HardWire::setClock(unsigned long)
 .text.startup._GLOBAL__sub_I__ZN8HardWire7processEh
                0x0800423c       0x30 .\libraries\Wire\Wire.cpp.o
 .text._ZN8WireBase5beginEh
                0x0800426c       0x14 .\libraries\Wire\WireBase.cpp.o
                0x0800426c                WireBase::begin(unsigned char)
 .text._ZN8WireBase17beginTransmissionEh
                0x08004280       0x14 .\libraries\Wire\WireBase.cpp.o
                0x08004280                WireBase::beginTransmission(unsigned char)
 .text._ZN8WireBase15endTransmissionEb
                0x08004294       0x1e .\libraries\Wire\WireBase.cpp.o
                0x08004294                WireBase::endTransmission(bool)
 .text._ZN8WireBase15endTransmissionEv
                0x080042b2        0x6 .\libraries\Wire\WireBase.cpp.o
                0x080042b2                WireBase::endTransmission()
 .text._ZN8WireBase11requestFromEhi
                0x080042b8       0x36 .\libraries\Wire\WireBase.cpp.o
                0x080042b8                WireBase::requestFrom(unsigned char, int)
 .text._ZN8WireBase5writeEh
                0x080042ee       0x24 .\libraries\Wire\WireBase.cpp.o
                0x080042ee                WireBase::write(unsigned char)
 .text._ZN8WireBase5writeEPhi
                0x08004312       0x20 .\libraries\Wire\WireBase.cpp.o
                0x08004312                WireBase::write(unsigned char*, int)
 .text._ZN8WireBase4readEv
                0x08004332       0x3e .\libraries\Wire\WireBase.cpp.o
                0x08004332                WireBase::read()
 .text._ZL11disable_pwmPK14stm32_pin_info
                0x08004370       0x10 .\libraries\SPI\src\SPI.cpp.o
 .text._ZL15dev_to_spi_pinsP7spi_dev.isra.8
                0x08004380       0x1c .\libraries\SPI\src\SPI.cpp.o
 .text._ZL15configure_gpiosP7spi_devb
                0x0800439c       0x84 .\libraries\SPI\src\SPI.cpp.o
 .text._ZL19determine_baud_rateP7spi_devm.isra.9
                0x08004420       0x3c .\libraries\SPI\src\SPI.cpp.o
 .text._ZN8SPIClassC2Em
                0x0800445c       0xbc .\libraries\SPI\src\SPI.cpp.o
                0x0800445c                SPIClass::SPIClass(unsigned long)
                0x0800445c                SPIClass::SPIClass(unsigned long)
 .text._ZN8SPIClass14updateSettingsEv
                0x08004518       0x24 .\libraries\SPI\src\SPI.cpp.o
                0x08004518                SPIClass::updateSettings()
 .text._ZN8SPIClass5beginEv
                0x0800453c       0x24 .\libraries\SPI\src\SPI.cpp.o
                0x0800453c                SPIClass::begin()
 .text._ZN8SPIClass15setClockDividerEm
                0x08004560       0x18 .\libraries\SPI\src\SPI.cpp.o
                0x08004560                SPIClass::setClockDivider(unsigned long)
 .text._ZN8SPIClass11setBitOrderE8BitOrder
                0x08004578       0x18 .\libraries\SPI\src\SPI.cpp.o
                0x08004578                SPIClass::setBitOrder(BitOrder)
 .text._ZN8SPIClass11setDataSizeEm
                0x08004590       0x30 .\libraries\SPI\src\SPI.cpp.o
                0x08004590                SPIClass::setDataSize(unsigned long)
 .text._ZN8SPIClass11setDataModeEh
                0x080045c0       0x1a .\libraries\SPI\src\SPI.cpp.o
                0x080045c0                SPIClass::setDataMode(unsigned char)
 .text._ZN8SPIClass5writeEt
                0x080045da       0x16 .\libraries\SPI\src\SPI.cpp.o
                0x080045da                SPIClass::write(unsigned short)
 .text._ZNK8SPIClass10transfer16Et
                0x080045f0       0x34 .\libraries\SPI\src\SPI.cpp.o
                0x080045f0                SPIClass::transfer16(unsigned short) const
 .text._ZN8SPIClass10dmaSendSetEPvb
                0x08004624       0x4e .\libraries\SPI\src\SPI.cpp.o
                0x08004624                SPIClass::dmaSendSet(void*, bool)
 *fill*         0x08004672        0x2 
 .text._ZN8SPIClass13dmaSendRepeatEt
                0x08004674       0xa4 .\libraries\SPI\src\SPI.cpp.o
                0x08004674                SPIClass::dmaSendRepeat(unsigned short)
 .text._ZN8SPIClass7dmaSendEPvtb
                0x08004718       0x18 .\libraries\SPI\src\SPI.cpp.o
                0x08004718                SPIClass::dmaSend(void*, unsigned short, bool)
 .text.startup._GLOBAL__sub_I__ZN8SPIClassC2Em
                0x08004730        0xc .\libraries\SPI\src\SPI.cpp.o
 .text._ZN3PID7ComputeEv
                0x0800473c       0xb8 .\libraries\PID_v1\PID_v1.cpp.o
                0x0800473c                PID::Compute()
 .text._ZN3PID10SetTuningsEfff
                0x080047f4       0x88 .\libraries\PID_v1\PID_v1.cpp.o
                0x080047f4                PID::SetTunings(float, float, float)
 .text._ZN3PID13SetSampleTimeEi
                0x0800487c       0x38 .\libraries\PID_v1\PID_v1.cpp.o
                0x0800487c                PID::SetSampleTime(int)
 .text._ZN3PID15SetOutputLimitsEff
                0x080048b4       0x5e .\libraries\PID_v1\PID_v1.cpp.o
                0x080048b4                PID::SetOutputLimits(float, float)
 .text._ZN3PID10InitializeEv
                0x08004912       0x2c .\libraries\PID_v1\PID_v1.cpp.o
                0x08004912                PID::Initialize()
 .text._ZN3PID7SetModeEi
                0x0800493e       0x20 .\libraries\PID_v1\PID_v1.cpp.o
                0x0800493e                PID::SetMode(int)
 .text._ZN3PID22SetControllerDirectionEi
                0x0800495e       0x34 .\libraries\PID_v1\PID_v1.cpp.o
                0x0800495e                PID::SetControllerDirection(int)
 *fill*         0x08004992        0x2 
 .text._ZN3PIDC2EPfS0_S0_fffi
                0x08004994       0x44 .\libraries\PID_v1\PID_v1.cpp.o
                0x08004994                PID::PID(float*, float*, float*, float, float, float, int)
                0x08004994                PID::PID(float*, float*, float*, float, float, float, int)
 .text._ZN4Menu6EngineC2Ev
                0x080049d8       0x10 .\libraries\Menu\Menu.cpp.o
                0x080049d8                Menu::Engine::Engine()
                0x080049d8                Menu::Engine::Engine()
 .text._ZNK4Menu6Engine8getLabelEPKNS_6Item_sE
                0x080049e8        0xa .\libraries\Menu\Menu.cpp.o
                0x080049e8                Menu::Engine::getLabel(Menu::Item_s const*) const
 .text._ZNK4Menu6Engine7getPrevEPKNS_6Item_sE
                0x080049f2        0xa .\libraries\Menu\Menu.cpp.o
                0x080049f2                Menu::Engine::getPrev(Menu::Item_s const*) const
 .text._ZNK4Menu6Engine7getNextEPKNS_6Item_sE
                0x080049fc        0x8 .\libraries\Menu\Menu.cpp.o
                0x080049fc                Menu::Engine::getNext(Menu::Item_s const*) const
 .text._ZNK4Menu6Engine9getParentEPKNS_6Item_sE
                0x08004a04        0xa .\libraries\Menu\Menu.cpp.o
                0x08004a04                Menu::Engine::getParent(Menu::Item_s const*) const
 .text._ZNK4Menu6Engine8getChildEPKNS_6Item_sE
                0x08004a0e        0xa .\libraries\Menu\Menu.cpp.o
                0x08004a0e                Menu::Engine::getChild(Menu::Item_s const*) const
 .text._ZNK4Menu6Engine21executeCallbackActionENS_8Action_sE
                0x08004a18       0x14 .\libraries\Menu\Menu.cpp.o
                0x08004a18                Menu::Engine::executeCallbackAction(Menu::Action_s) const
 .text._ZN4Menu6Engine8navigateEPKNS_6Item_sE
                0x08004a2c       0x48 .\libraries\Menu\Menu.cpp.o
                0x08004a2c                Menu::Engine::navigate(Menu::Item_s const*)
 .text._ZN4Menu6Engine6invokeEv
                0x08004a74       0x44 .\libraries\Menu\Menu.cpp.o
                0x08004a74                Menu::Engine::invoke()
 .text._ZNK4Menu6Engine11getItemInfoEPKNS_6Item_sE
                0x08004ab8       0x48 .\libraries\Menu\Menu.cpp.o
                0x08004ab8                Menu::Engine::getItemInfo(Menu::Item_s const*) const
 .text._ZNK4Menu6Engine6renderEPFvPKNS_6Item_sEhEh
                0x08004b00       0x8c .\libraries\Menu\Menu.cpp.o
                0x08004b00                Menu::Engine::render(void (*)(Menu::Item_s const*, unsigned char), unsigned char) const
 .text._ZN7MAX6675C2Ev
                0x08004b8c        0x6 .\libraries\MAX6675-library\src\max6675.cpp.o
                0x08004b8c                MAX6675::MAX6675()
                0x08004b8c                MAX6675::MAX6675()
 .text._ZN7MAX66755beginEaf
                0x08004b92       0x20 .\libraries\MAX6675-library\src\max6675.cpp.o
                0x08004b92                MAX6675::begin(signed char, float)
 .text._ZN7MAX66757spireadEv
                0x08004bb2       0x42 .\libraries\MAX6675-library\src\max6675.cpp.o
                0x08004bb2                MAX6675::spiread()
 .text._ZN7MAX667516readCentiCelsiusEv
                0x08004bf4       0x64 .\libraries\MAX6675-library\src\max6675.cpp.o
                0x08004bf4                MAX6675::readCentiCelsius()
 .text._ZN7MAX667511readCelsiusEv
                0x08004c58       0x1c .\libraries\MAX6675-library\src\max6675.cpp.o
                0x08004c58                MAX6675::readCelsius()
 .text.startup._GLOBAL__sub_I__ZN11EEPROMClass12EE_CheckPageEmt
                0x08004c74       0x20 .\libraries\EEPROM\EEPROM.cpp.o
 .text._ZN12Adafruit_GFX8drawLineEsssst
                0x08004c94       0xc8 .\libraries\Adafruit-GFX-Library-master\Adafruit_GFX.cpp.o
                0x08004c94                Adafruit_GFX::drawLine(short, short, short, short, unsigned short)
 .text._ZN12Adafruit_GFX8drawRectEsssst
                0x08004d5c       0x5e .\libraries\Adafruit-GFX-Library-master\Adafruit_GFX.cpp.o
                0x08004d5c                Adafruit_GFX::drawRect(short, short, short, short, unsigned short)
 .text._ZN12Adafruit_GFX13drawFastVLineEssst
                0x08004dba       0x1c .\libraries\Adafruit-GFX-Library-master\Adafruit_GFX.cpp.o
                0x08004dba                Adafruit_GFX::drawFastVLine(short, short, short, unsigned short)
 .text._ZN12Adafruit_GFX13drawFastHLineEssst
                0x08004dd6       0x1a .\libraries\Adafruit-GFX-Library-master\Adafruit_GFX.cpp.o
                0x08004dd6                Adafruit_GFX::drawFastHLine(short, short, short, unsigned short)
 .text._ZN12Adafruit_GFX8fillRectEsssst
                0x08004df0       0x3c .\libraries\Adafruit-GFX-Library-master\Adafruit_GFX.cpp.o
                0x08004df0                Adafruit_GFX::fillRect(short, short, short, short, unsigned short)
 .text._ZN12Adafruit_GFX10fillScreenEt
                0x08004e2c       0x1c .\libraries\Adafruit-GFX-Library-master\Adafruit_GFX.cpp.o
                0x08004e2c                Adafruit_GFX::fillScreen(unsigned short)
 .text._ZN12Adafruit_GFX13invertDisplayEb
                0x08004e48        0x2 .\libraries\Adafruit-GFX-Library-master\Adafruit_GFX.cpp.o
                0x08004e48                Adafruit_GFX::invertDisplay(bool)
 *fill*         0x08004e4a        0x2 
 .text._ZN12Adafruit_GFXC2Ess
                0x08004e4c       0x2c .\libraries\Adafruit-GFX-Library-master\Adafruit_GFX.cpp.o
                0x08004e4c                Adafruit_GFX::Adafruit_GFX(short, short)
                0x08004e4c                Adafruit_GFX::Adafruit_GFX(short, short)
 .text._ZN12Adafruit_GFX8drawCharEsshtth
                0x08004e78      0x12c .\libraries\Adafruit-GFX-Library-master\Adafruit_GFX.cpp.o
                0x08004e78                Adafruit_GFX::drawChar(short, short, unsigned char, unsigned short, unsigned short, unsigned char)
 .text._ZN12Adafruit_GFX5writeEh
                0x08004fa4       0x6a .\libraries\Adafruit-GFX-Library-master\Adafruit_GFX.cpp.o
                0x08004fa4                Adafruit_GFX::write(unsigned char)
 .text._ZN12Adafruit_GFX11setTextSizeEh
                0x0800500e        0xa .\libraries\Adafruit-GFX-Library-master\Adafruit_GFX.cpp.o
                0x0800500e                Adafruit_GFX::setTextSize(unsigned char)
 .text._ZN12Adafruit_GFX12setTextColorEt
                0x08005018        0x6 .\libraries\Adafruit-GFX-Library-master\Adafruit_GFX.cpp.o
                0x08005018                Adafruit_GFX::setTextColor(unsigned short)
 .text._ZN12Adafruit_GFX12setTextColorEtt
                0x0800501e        0x6 .\libraries\Adafruit-GFX-Library-master\Adafruit_GFX.cpp.o
                0x0800501e                Adafruit_GFX::setTextColor(unsigned short, unsigned short)
 .text._ZN12Adafruit_GFX11setTextWrapEb
                0x08005024        0x4 .\libraries\Adafruit-GFX-Library-master\Adafruit_GFX.cpp.o
                0x08005024                Adafruit_GFX::setTextWrap(bool)
 .text._ZNK12Adafruit_GFX5widthEv
                0x08005028        0x6 .\libraries\Adafruit-GFX-Library-master\Adafruit_GFX.cpp.o
                0x08005028                Adafruit_GFX::width() const
 .text._ZNK12Adafruit_GFX6heightEv
                0x0800502e        0x6 .\libraries\Adafruit-GFX-Library-master\Adafruit_GFX.cpp.o
                0x0800502e                Adafruit_GFX::height() const
 .text._ZN9extEEPROMC2E13eeprom_size_thjh
                0x08005034       0x4a .\extEEPROM\extEEPROM.cpp.o
                0x08005034                extEEPROM::extEEPROM(eeprom_size_t, unsigned char, unsigned int, unsigned char)
                0x08005034                extEEPROM::extEEPROM(eeprom_size_t, unsigned char, unsigned int, unsigned char)
 *fill*         0x0800507e        0x2 
 .text._ZN9extEEPROM5writeEmPhj
                0x08005080       0xd4 .\extEEPROM\extEEPROM.cpp.o
                0x08005080                extEEPROM::write(unsigned long, unsigned char*, unsigned int)
 .text._ZN9extEEPROM4readEmPhj
                0x08005154       0xac .\extEEPROM\extEEPROM.cpp.o
                0x08005154                extEEPROM::read(unsigned long, unsigned char*, unsigned int)
 .text._ZN9extEEPROM5writeEmh
                0x08005200       0x16 .\extEEPROM\extEEPROM.cpp.o
                0x08005200                extEEPROM::write(unsigned long, unsigned char)
 .text._ZN9extEEPROM4readEm
                0x08005216       0x1c .\extEEPROM\extEEPROM.cpp.o
                0x08005216                extEEPROM::read(unsigned long)
 *fill*         0x08005232        0x2 
 .text._ZN9extEEPROM5beginENS_14twiClockFreq_tE
                0x08005234       0x44 .\extEEPROM\extEEPROM.cpp.o
                0x08005234                extEEPROM::begin(extEEPROM::twiClockFreq_t)
 .text._ZN12TFT_ILI9163CC2ERKhS1_S1_
                0x08005278       0x8c .\TFT_ILI9163C\TFT_ILI9163C.cpp.o
                0x08005278                TFT_ILI9163C::TFT_ILI9163C(unsigned char const&, unsigned char const&, unsigned char const&)
                0x08005278                TFT_ILI9163C::TFT_ILI9163C(unsigned char const&, unsigned char const&, unsigned char const&)
 .text._ZN12TFT_ILI9163C12writecommandEh
                0x08005304       0x3c .\TFT_ILI9163C\TFT_ILI9163C.cpp.o
                0x08005304                TFT_ILI9163C::writecommand(unsigned char)
 .text._ZN12TFT_ILI9163C13invertDisplayEb
                0x08005340        0xc .\TFT_ILI9163C\TFT_ILI9163C.cpp.o
                0x08005340                TFT_ILI9163C::invertDisplay(bool)
 .text._ZN12TFT_ILI9163C9writedataEh
                0x0800534c       0x54 .\TFT_ILI9163C\TFT_ILI9163C.cpp.o
                0x0800534c                TFT_ILI9163C::writedata(unsigned char)
 .text._ZN12TFT_ILI9163C11writedata16Et
                0x080053a0       0x3a .\TFT_ILI9163C\TFT_ILI9163C.cpp.o
                0x080053a0                TFT_ILI9163C::writedata16(unsigned short)
 .text._ZN12TFT_ILI9163C10colorSpaceEh
                0x080053da       0x16 .\TFT_ILI9163C\TFT_ILI9163C.cpp.o
                0x080053da                TFT_ILI9163C::colorSpace(unsigned char)
 .text._ZN12TFT_ILI9163C13setAddrWindowEtttt
                0x080053f0       0x4a .\TFT_ILI9163C\TFT_ILI9163C.cpp.o
                0x080053f0                TFT_ILI9163C::setAddrWindow(unsigned short, unsigned short, unsigned short, unsigned short)
 .text._ZN12TFT_ILI9163C9setCursorEss
                0x0800543a       0x2e .\TFT_ILI9163C\TFT_ILI9163C.cpp.o
                0x0800543a                TFT_ILI9163C::setCursor(short, short)
 .text._ZN12TFT_ILI9163C9drawPixelEsst
                0x08005468       0x42 .\TFT_ILI9163C\TFT_ILI9163C.cpp.o
                0x08005468                TFT_ILI9163C::drawPixel(short, short, unsigned short)
 .text._ZN12TFT_ILI9163C11clearScreenEt
                0x080054aa       0x58 .\TFT_ILI9163C\TFT_ILI9163C.cpp.o
                0x080054aa                TFT_ILI9163C::clearScreen(unsigned short)
 .text._ZN12TFT_ILI9163C10fillScreenEt
                0x08005502        0x4 .\TFT_ILI9163C\TFT_ILI9163C.cpp.o
                0x08005502                TFT_ILI9163C::fillScreen(unsigned short)
 .text._ZN12TFT_ILI9163C11setRotationEh
                0x08005506       0x52 .\TFT_ILI9163C\TFT_ILI9163C.cpp.o
                0x08005506                TFT_ILI9163C::setRotation(unsigned char)
 .text._ZN12TFT_ILI9163C8chipInitEv
                0x08005558      0x234 .\TFT_ILI9163C\TFT_ILI9163C.cpp.o
                0x08005558                TFT_ILI9163C::chipInit()
 .text._ZN12TFT_ILI9163C5beginEv
                0x0800578c       0xf8 .\TFT_ILI9163C\TFT_ILI9163C.cpp.o
                0x0800578c                TFT_ILI9163C::begin()
 .text._ZN12TFT_ILI9163C5beginER8SPIClass
                0x08005884       0x18 .\TFT_ILI9163C\TFT_ILI9163C.cpp.o
                0x08005884                TFT_ILI9163C::begin(SPIClass&)
 .text._ZN12TFT_ILI9163C16writedata16_contEt
                0x0800589c       0x1c .\TFT_ILI9163C\TFT_ILI9163C.cpp.o
                0x0800589c                TFT_ILI9163C::writedata16_cont(unsigned short)
 .text._ZN12TFT_ILI9163C17writecommand_contEh
                0x080058b8       0x1e .\TFT_ILI9163C\TFT_ILI9163C.cpp.o
                0x080058b8                TFT_ILI9163C::writecommand_cont(unsigned char)
 .text._ZN12TFT_ILI9163C18setAddrWindow_contEtttt
                0x080058d6       0x4a .\TFT_ILI9163C\TFT_ILI9163C.cpp.o
                0x080058d6                TFT_ILI9163C::setAddrWindow_cont(unsigned short, unsigned short, unsigned short, unsigned short)
 .text._ZN12TFT_ILI9163C20writePixel_cont_noCSEsst
                0x08005920       0x52 .\TFT_ILI9163C\TFT_ILI9163C.cpp.o
                0x08005920                TFT_ILI9163C::writePixel_cont_noCS(short, short, unsigned short)
 .text._ZN12TFT_ILI9163C13writeScanlineEj
                0x08005972       0x18 .\TFT_ILI9163C\TFT_ILI9163C.cpp.o
                0x08005972                TFT_ILI9163C::writeScanline(unsigned int)
 .text._ZN12TFT_ILI9163C13drawFastVLineEssst
                0x0800598a       0x82 .\TFT_ILI9163C\TFT_ILI9163C.cpp.o
                0x0800598a                TFT_ILI9163C::drawFastVLine(short, short, short, unsigned short)
 .text._ZN12TFT_ILI9163C13drawFastHLineEssst
                0x08005a0c       0x80 .\TFT_ILI9163C\TFT_ILI9163C.cpp.o
                0x08005a0c                TFT_ILI9163C::drawFastHLine(short, short, short, unsigned short)
 .text._ZN12TFT_ILI9163C8fillRectEsssst
                0x08005a8c       0xbc .\TFT_ILI9163C\TFT_ILI9163C.cpp.o
                0x08005a8c                TFT_ILI9163C::fillRect(short, short, short, short, unsigned short)
 .text._ZN12TFT_ILI9163C27writeVLine_cont_noCS_noFillEsss
                0x08005b48       0x60 .\TFT_ILI9163C\TFT_ILI9163C.cpp.o
                0x08005b48                TFT_ILI9163C::writeVLine_cont_noCS_noFill(short, short, short)
 .text._ZN12TFT_ILI9163C27writeHLine_cont_noCS_noFillEsss
                0x08005ba8       0x5e .\TFT_ILI9163C\TFT_ILI9163C.cpp.o
                0x08005ba8                TFT_ILI9163C::writeHLine_cont_noCS_noFill(short, short, short)
 .text._ZN12TFT_ILI9163C8drawLineEsssst
                0x08005c06      0x1e2 .\TFT_ILI9163C\TFT_ILI9163C.cpp.o
                0x08005c06                TFT_ILI9163C::drawLine(short, short, short, short, unsigned short)
 .text._ZN12TFT_ILI9163C8drawRectEsssst
                0x08005de8       0x70 .\TFT_ILI9163C\TFT_ILI9163C.cpp.o
                0x08005de8                TFT_ILI9163C::drawRect(short, short, short, short, unsigned short)
 .text          0x08005e58       0x10 C:/Users/Victor/git/reflowOven/bluePillReflow/Release/arduino.ar(start.S.o)
                0x08005e58                __start__
 .text.start_c  0x08005e68       0x64 C:/Users/Victor/git/reflowOven/bluePillReflow/Release/arduino.ar(start_c.c.o)
                0x08005e68                start_c
 .text._sbrk    0x08005ecc       0x44 C:/Users/Victor/git/reflowOven/bluePillReflow/Release/arduino.ar(syscalls.c.o)
                0x08005ecc                _sbrk
 .text._close   0x08005f10        0x4 C:/Users/Victor/git/reflowOven/bluePillReflow/Release/arduino.ar(syscalls.c.o)
                0x08005f10                _close
 .text._fstat   0x08005f14        0xa C:/Users/Victor/git/reflowOven/bluePillReflow/Release/arduino.ar(syscalls.c.o)
                0x08005f14                _fstat
 .text._isatty  0x08005f1e        0x4 C:/Users/Victor/git/reflowOven/bluePillReflow/Release/arduino.ar(syscalls.c.o)
                0x08005f1e                _isatty
 .text._lseek   0x08005f22        0x6 C:/Users/Victor/git/reflowOven/bluePillReflow/Release/arduino.ar(syscalls.c.o)
                0x08005f22                _lseek
 .text.getch    0x08005f28        0x4 C:/Users/Victor/git/reflowOven/bluePillReflow/Release/arduino.ar(syscalls.c.o)
                0x08005f28                getch
 .text._read    0x08005f2c        0xe C:/Users/Victor/git/reflowOven/bluePillReflow/Release/arduino.ar(syscalls.c.o)
                0x08005f2c                _read
 .text.putch    0x08005f3a        0x2 C:/Users/Victor/git/reflowOven/bluePillReflow/Release/arduino.ar(syscalls.c.o)
                0x08005f3a                putch
 .text._write   0x08005f3c       0x1a C:/Users/Victor/git/reflowOven/bluePillReflow/Release/arduino.ar(syscalls.c.o)
                0x08005f3c                _write
 .text._exit    0x08005f56        0x2 C:/Users/Victor/git/reflowOven/bluePillReflow/Release/arduino.ar(syscalls.c.o)
                0x08005f56                _exit
 .text._Z9boardInitv
                0x08005f58        0x2 C:/Users/Victor/git/reflowOven/bluePillReflow/Release/arduino.ar(board.cpp.o)
                0x08005f58                boardInit()
 *fill*         0x08005f5a        0x2 
 .text.startup._GLOBAL__sub_I__Z9boardInitv
                0x08005f5c       0x48 C:/Users/Victor/git/reflowOven/bluePillReflow/Release/arduino.ar(board.cpp.o)
 .text._Z7pinModeh13WiringPinMode
                0x08005fa4       0x9c C:/Users/Victor/git/reflowOven/bluePillReflow/Release/arduino.ar(wirish_digital_f1.cpp.o)
                0x08005fa4                pinMode(unsigned char, WiringPinMode)
 .text.usb_resume
                0x08006040       0xb4 C:/Users/Victor/git/reflowOven/bluePillReflow/Release/arduino.ar(usb.c.o)
 .text.usb_init_usblib
                0x080060f4       0x48 C:/Users/Victor/git/reflowOven/bluePillReflow/Release/arduino.ar(usb.c.o)
                0x080060f4                usb_init_usblib
 .text.__irq_usb_lp_can_rx0
                0x0800613c      0x1f0 C:/Users/Victor/git/reflowOven/bluePillReflow/Release/arduino.ar(usb.c.o)
                0x0800613c                __irq_usb_lp_can_rx0
 .text.usb_set_ep_rx_stat
                0x0800632c       0x22 C:/Users/Victor/git/reflowOven/bluePillReflow/Release/arduino.ar(usb_cdcacm.c.o)
 *fill*         0x0800634e        0x2 
 .text.vcomGetSetLineCoding
                0x08006350       0x18 C:/Users/Victor/git/reflowOven/bluePillReflow/Release/arduino.ar(usb_cdcacm.c.o)
 .text.usbDataSetup
                0x08006368       0x54 C:/Users/Victor/git/reflowOven/bluePillReflow/Release/arduino.ar(usb_cdcacm.c.o)
 .text.usbNoDataSetup
                0x080063bc       0x50 C:/Users/Victor/git/reflowOven/bluePillReflow/Release/arduino.ar(usb_cdcacm.c.o)
 .text.usbGetInterfaceSetting
                0x0800640c       0x10 C:/Users/Victor/git/reflowOven/bluePillReflow/Release/arduino.ar(usb_cdcacm.c.o)
 .text.usbSetConfiguration
                0x0800641c       0x1c C:/Users/Victor/git/reflowOven/bluePillReflow/Release/arduino.ar(usb_cdcacm.c.o)
 .text.usbSetDeviceAddress
                0x08006438       0x10 C:/Users/Victor/git/reflowOven/bluePillReflow/Release/arduino.ar(usb_cdcacm.c.o)
 .text.usbGetStringDescriptor
                0x08006448       0x20 C:/Users/Victor/git/reflowOven/bluePillReflow/Release/arduino.ar(usb_cdcacm.c.o)
 .text.usbGetConfigDescriptor
                0x08006468        0xc C:/Users/Victor/git/reflowOven/bluePillReflow/Release/arduino.ar(usb_cdcacm.c.o)
 .text.usbGetDeviceDescriptor
                0x08006474        0xc C:/Users/Victor/git/reflowOven/bluePillReflow/Release/arduino.ar(usb_cdcacm.c.o)
 .text.usbInit  0x08006480       0x44 C:/Users/Victor/git/reflowOven/bluePillReflow/Release/arduino.ar(usb_cdcacm.c.o)
 .text.vcomDataTxCb
                0x080064c4       0xa0 C:/Users/Victor/git/reflowOven/bluePillReflow/Release/arduino.ar(usb_cdcacm.c.o)
 .text.usbReset
                0x08006564      0x160 C:/Users/Victor/git/reflowOven/bluePillReflow/Release/arduino.ar(usb_cdcacm.c.o)
 .text.vcomDataRxCb
                0x080066c4       0x7c C:/Users/Victor/git/reflowOven/bluePillReflow/Release/arduino.ar(usb_cdcacm.c.o)
 .text.usb_cdcacm_set_hooks
                0x08006740       0x1c C:/Users/Victor/git/reflowOven/bluePillReflow/Release/arduino.ar(usb_cdcacm.c.o)
                0x08006740                usb_cdcacm_set_hooks
 .text.usb_cdcacm_enable
                0x0800675c       0x38 C:/Users/Victor/git/reflowOven/bluePillReflow/Release/arduino.ar(usb_cdcacm.c.o)
                0x0800675c                usb_cdcacm_enable
 .text.usb_cdcacm_tx
                0x08006794       0x60 C:/Users/Victor/git/reflowOven/bluePillReflow/Release/arduino.ar(usb_cdcacm.c.o)
                0x08006794                usb_cdcacm_tx
 .text.usb_cdcacm_data_available
                0x080067f4       0x18 C:/Users/Victor/git/reflowOven/bluePillReflow/Release/arduino.ar(usb_cdcacm.c.o)
                0x080067f4                usb_cdcacm_data_available
 .text.usb_cdcacm_peek
                0x0800680c       0x38 C:/Users/Victor/git/reflowOven/bluePillReflow/Release/arduino.ar(usb_cdcacm.c.o)
                0x0800680c                usb_cdcacm_peek
 .text.usb_cdcacm_rx
                0x08006844       0x34 C:/Users/Victor/git/reflowOven/bluePillReflow/Release/arduino.ar(usb_cdcacm.c.o)
                0x08006844                usb_cdcacm_rx
 .text.usb_cdcacm_peek_ex
                0x08006878       0x40 C:/Users/Victor/git/reflowOven/bluePillReflow/Release/arduino.ar(usb_cdcacm.c.o)
                0x08006878                usb_cdcacm_peek_ex
 .text.usb_cdcacm_get_dtr
                0x080068b8       0x10 C:/Users/Victor/git/reflowOven/bluePillReflow/Release/arduino.ar(usb_cdcacm.c.o)
                0x080068b8                usb_cdcacm_get_dtr
 .text.usb_cdcacm_get_baud
                0x080068c8        0xc C:/Users/Victor/git/reflowOven/bluePillReflow/Release/arduino.ar(usb_cdcacm.c.o)
                0x080068c8                usb_cdcacm_get_baud
 .text.usb_set_ep_rx_count
                0x080068d4       0x40 C:/Users/Victor/git/reflowOven/bluePillReflow/Release/arduino.ar(usb_reg_map.c.o)
                0x080068d4                usb_set_ep_rx_count
 .text          0x08006914        0x2 C:/Users/Victor/git/reflowOven/bluePillReflow/Release/arduino.ar(isrs.S.o)
                0x08006914                __exc_memmanage
                0x08006914                __stm32reservedexception9
                0x08006914                __exc_debug_monitor
                0x08006914                __exc_svc
                0x08006914                __exc_usagefault
                0x08006914                __irq_can_rx1
                0x08006914                __irq_spi2
                0x08006914                __irq_can_sce
                0x08006914                __exc_busfault
                0x08006914                __irq_pvd
                0x08006914                __irq_tamper
                0x08006914                __default_handler
                0x08006914                __irq_wwdg
                0x08006914                __stm32reservedexception10
                0x08006914                __irq_flash
                0x08006914                __stm32reservedexception13
                0x08006914                __exc_hardfault
                0x08006914                __irq_rtc
                0x08006914                __irq_spi1
                0x08006914                __stm32reservedexception7
                0x08006914                __irq_usb_hp_can_tx
                0x08006914                __exc_nmi
                0x08006914                __irq_rtcalarm
                0x08006914                __stm32reservedexception8
                0x08006914                __exc_pendsv
                0x08006914                __irq_usbwakeup
                0x08006914                __irq_rcc
 *fill*         0x08006916        0x2 
 .text.__irq_adc
                0x08006918       0x50 C:/Users/Victor/git/reflowOven/bluePillReflow/Release/arduino.ar(adc_f1.c.o)
                0x08006918                __irq_adc
 .text.adc_calibrate
                0x08006968       0x24 C:/Users/Victor/git/reflowOven/bluePillReflow/Release/arduino.ar(adc_f1.c.o)
                0x08006968                adc_calibrate
 .text.adc_set_prescaler
                0x0800698c        0x8 C:/Users/Victor/git/reflowOven/bluePillReflow/Release/arduino.ar(adc_f1.c.o)
                0x0800698c                adc_set_prescaler
 .text.adc_foreach
                0x08006994       0x1c C:/Users/Victor/git/reflowOven/bluePillReflow/Release/arduino.ar(adc_f1.c.o)
                0x08006994                adc_foreach
 .text.adc_enable_single_swstart
                0x080069b0       0x36 C:/Users/Victor/git/reflowOven/bluePillReflow/Release/arduino.ar(adc_f1.c.o)
                0x080069b0                adc_enable_single_swstart
 .text.dma_init
                0x080069e6        0x6 C:/Users/Victor/git/reflowOven/bluePillReflow/Release/arduino.ar(dma.c.o)
                0x080069e6                dma_init
 .text.dma_set_priority
                0x080069ec       0x3c C:/Users/Victor/git/reflowOven/bluePillReflow/Release/arduino.ar(dma_f1.c.o)
                0x080069ec                dma_set_priority
 .text.dma_set_num_transfers
                0x08006a28       0x34 C:/Users/Victor/git/reflowOven/bluePillReflow/Release/arduino.ar(dma_f1.c.o)
                0x08006a28                dma_set_num_transfers
 .text.dma_enable
                0x08006a5c       0x18 C:/Users/Victor/git/reflowOven/bluePillReflow/Release/arduino.ar(dma_f1.c.o)
                0x08006a5c                dma_enable
 .text.dma_disable
                0x08006a74       0x18 C:/Users/Victor/git/reflowOven/bluePillReflow/Release/arduino.ar(dma_f1.c.o)
                0x08006a74                dma_disable
 .text.dma_setup_transfer
                0x08006a8c       0x36 C:/Users/Victor/git/reflowOven/bluePillReflow/Release/arduino.ar(dma_f1.c.o)
                0x08006a8c                dma_setup_transfer
 *fill*         0x08006ac2        0x2 
 .text.__irq_dma1_channel1
                0x08006ac4       0x18 C:/Users/Victor/git/reflowOven/bluePillReflow/Release/arduino.ar(dma_f1.c.o)
                0x08006ac4                __irq_dma1_channel1
 .text.__irq_dma1_channel2
                0x08006adc       0x18 C:/Users/Victor/git/reflowOven/bluePillReflow/Release/arduino.ar(dma_f1.c.o)
                0x08006adc                __irq_dma1_channel2
 .text.__irq_dma1_channel3
                0x08006af4       0x1c C:/Users/Victor/git/reflowOven/bluePillReflow/Release/arduino.ar(dma_f1.c.o)
                0x08006af4                __irq_dma1_channel3
 .text.__irq_dma1_channel4
                0x08006b10       0x1c C:/Users/Victor/git/reflowOven/bluePillReflow/Release/arduino.ar(dma_f1.c.o)
                0x08006b10                __irq_dma1_channel4
 .text.__irq_dma1_channel5
                0x08006b2c       0x1c C:/Users/Victor/git/reflowOven/bluePillReflow/Release/arduino.ar(dma_f1.c.o)
                0x08006b2c                __irq_dma1_channel5
 .text.__irq_dma1_channel6
                0x08006b48       0x1c C:/Users/Victor/git/reflowOven/bluePillReflow/Release/arduino.ar(dma_f1.c.o)
                0x08006b48                __irq_dma1_channel6
 .text.__irq_dma1_channel7
                0x08006b64       0x1c C:/Users/Victor/git/reflowOven/bluePillReflow/Release/arduino.ar(dma_f1.c.o)
                0x08006b64                __irq_dma1_channel7
 .text.gpio_init_all
                0x08006b80       0x30 C:/Users/Victor/git/reflowOven/bluePillReflow/Release/arduino.ar(gpio_f1.c.o)
                0x08006b80                gpio_init_all
 .text.gpio_set_mode
                0x08006bb0       0x50 C:/Users/Victor/git/reflowOven/bluePillReflow/Release/arduino.ar(gpio_f1.c.o)
                0x08006bb0                gpio_set_mode
 .text.afio_init
                0x08006c00       0x12 C:/Users/Victor/git/reflowOven/bluePillReflow/Release/arduino.ar(gpio_f1.c.o)
                0x08006c00                afio_init
 *fill*         0x08006c12        0x2 
 .text.afio_remap
                0x08006c14       0x20 C:/Users/Victor/git/reflowOven/bluePillReflow/Release/arduino.ar(gpio_f1.c.o)
                0x08006c14                afio_remap
 .text.i2c_start_condition
                0x08006c34       0x14 C:/Users/Victor/git/reflowOven/bluePillReflow/Release/arduino.ar(i2c.c.o)
 .text.i2c_stop_condition
                0x08006c48       0x1c C:/Users/Victor/git/reflowOven/bluePillReflow/Release/arduino.ar(i2c.c.o)
 .text.delay_us.constprop.5
                0x08006c64        0xa C:/Users/Victor/git/reflowOven/bluePillReflow/Release/arduino.ar(i2c.c.o)
 .text.i2c_bus_reset
                0x08006c6e       0xb2 C:/Users/Victor/git/reflowOven/bluePillReflow/Release/arduino.ar(i2c.c.o)
                0x08006c6e                i2c_bus_reset
 .text.i2c_init
                0x08006d20       0x18 C:/Users/Victor/git/reflowOven/bluePillReflow/Release/arduino.ar(i2c.c.o)
                0x08006d20                i2c_init
 .text.i2c_master_enable
                0x08006d38       0xf0 C:/Users/Victor/git/reflowOven/bluePillReflow/Release/arduino.ar(i2c.c.o)
                0x08006d38                i2c_master_enable
 .text.i2c_master_xfer
                0x08006e28       0x7c C:/Users/Victor/git/reflowOven/bluePillReflow/Release/arduino.ar(i2c.c.o)
                0x08006e28                i2c_master_xfer
 .text._i2c_irq_handler
                0x08006ea4      0x184 C:/Users/Victor/git/reflowOven/bluePillReflow/Release/arduino.ar(i2c.c.o)
                0x08006ea4                _i2c_irq_handler
 .text._i2c_irq_error_handler
                0x08007028       0x2a C:/Users/Victor/git/reflowOven/bluePillReflow/Release/arduino.ar(i2c.c.o)
                0x08007028                _i2c_irq_error_handler
 .text.i2c_config_gpios
                0x08007052       0x58 C:/Users/Victor/git/reflowOven/bluePillReflow/Release/arduino.ar(i2c_f1.c.o)
                0x08007052                i2c_config_gpios
 .text.i2c_master_release_bus
                0x080070aa       0x4c C:/Users/Victor/git/reflowOven/bluePillReflow/Release/arduino.ar(i2c_f1.c.o)
                0x080070aa                i2c_master_release_bus
 *fill*         0x080070f6        0x2 
 .text.__irq_i2c1_ev
                0x080070f8        0xc C:/Users/Victor/git/reflowOven/bluePillReflow/Release/arduino.ar(i2c_f1.c.o)
                0x080070f8                __irq_i2c1_ev
 .text.__irq_i2c2_ev
                0x08007104        0xc C:/Users/Victor/git/reflowOven/bluePillReflow/Release/arduino.ar(i2c_f1.c.o)
                0x08007104                __irq_i2c2_ev
 .text.__irq_i2c1_er
                0x08007110        0xc C:/Users/Victor/git/reflowOven/bluePillReflow/Release/arduino.ar(i2c_f1.c.o)
                0x08007110                __irq_i2c1_er
 .text.__irq_i2c2_er
                0x0800711c        0xc C:/Users/Victor/git/reflowOven/bluePillReflow/Release/arduino.ar(i2c_f1.c.o)
                0x0800711c                __irq_i2c2_er
 .text._i2c_irq_priority_fixup
                0x08007128       0x1c C:/Users/Victor/git/reflowOven/bluePillReflow/Release/arduino.ar(i2c_f1.c.o)
                0x08007128                _i2c_irq_priority_fixup
 .text.nvic_irq_set_priority
                0x08007144       0x28 C:/Users/Victor/git/reflowOven/bluePillReflow/Release/arduino.ar(nvic.c.o)
                0x08007144                nvic_irq_set_priority
 .text.nvic_init
                0x0800716c       0x30 C:/Users/Victor/git/reflowOven/bluePillReflow/Release/arduino.ar(nvic.c.o)
                0x0800716c                nvic_init
 .text.nvic_sys_reset
                0x0800719c       0x1c C:/Users/Victor/git/reflowOven/bluePillReflow/Release/arduino.ar(nvic.c.o)
                0x0800719c                nvic_sys_reset
 .text.rcc_dev_clk
                0x080071b8        0xc C:/Users/Victor/git/reflowOven/bluePillReflow/Release/arduino.ar(rcc.c.o)
                0x080071b8                rcc_dev_clk
 .text.rcc_switch_sysclk
                0x080071c4       0x20 C:/Users/Victor/git/reflowOven/bluePillReflow/Release/arduino.ar(rcc.c.o)
                0x080071c4                rcc_switch_sysclk
 .text.rcc_turn_on_clk
                0x080071e4       0x1a C:/Users/Victor/git/reflowOven/bluePillReflow/Release/arduino.ar(rcc.c.o)
                0x080071e4                rcc_turn_on_clk
 .text.rcc_turn_off_clk
                0x080071fe       0x1c C:/Users/Victor/git/reflowOven/bluePillReflow/Release/arduino.ar(rcc.c.o)
                0x080071fe                rcc_turn_off_clk
 .text.rcc_is_clk_on
                0x0800721a       0x1e C:/Users/Victor/git/reflowOven/bluePillReflow/Release/arduino.ar(rcc.c.o)
                0x0800721a                rcc_is_clk_on
 .text.rcc_is_clk_ready
                0x08007238       0x18 C:/Users/Victor/git/reflowOven/bluePillReflow/Release/arduino.ar(rcc.c.o)
                0x08007238                rcc_is_clk_ready
 .text.rcc_configure_pll
                0x08007250       0x38 C:/Users/Victor/git/reflowOven/bluePillReflow/Release/arduino.ar(rcc_f1.c.o)
                0x08007250                rcc_configure_pll
 .text.rcc_clk_enable
                0x08007288       0x30 C:/Users/Victor/git/reflowOven/bluePillReflow/Release/arduino.ar(rcc_f1.c.o)
                0x08007288                rcc_clk_enable
 .text.rcc_reset_dev
                0x080072b8       0x34 C:/Users/Victor/git/reflowOven/bluePillReflow/Release/arduino.ar(rcc_f1.c.o)
                0x080072b8                rcc_reset_dev
 .text.rcc_set_prescaler
                0x080072ec       0x20 C:/Users/Victor/git/reflowOven/bluePillReflow/Release/arduino.ar(rcc_f1.c.o)
                0x080072ec                rcc_set_prescaler
 .text.rcc_clk_disable
                0x0800730c       0x30 C:/Users/Victor/git/reflowOven/bluePillReflow/Release/arduino.ar(rcc_f1.c.o)
                0x0800730c                rcc_clk_disable
 .text.bb_peri_set_bit
                0x0800733c        0xe C:/Users/Victor/git/reflowOven/bluePillReflow/Release/arduino.ar(spi.c.o)
 .text.spi_init
                0x0800734a       0x14 C:/Users/Victor/git/reflowOven/bluePillReflow/Release/arduino.ar(spi.c.o)
                0x0800734a                spi_init
 .text.spi_peripheral_enable
                0x0800735e        0xa C:/Users/Victor/git/reflowOven/bluePillReflow/Release/arduino.ar(spi.c.o)
                0x0800735e                spi_peripheral_enable
 .text.spi_peripheral_disable
                0x08007368        0xa C:/Users/Victor/git/reflowOven/bluePillReflow/Release/arduino.ar(spi.c.o)
                0x08007368                spi_peripheral_disable
 .text.spi_reconfigure
                0x08007372       0x2c C:/Users/Victor/git/reflowOven/bluePillReflow/Release/arduino.ar(spi.c.o)
 .text.spi_master_enable
                0x0800739e        0xc C:/Users/Victor/git/reflowOven/bluePillReflow/Release/arduino.ar(spi.c.o)
                0x0800739e                spi_master_enable
 .text.spi_tx_dma_enable
                0x080073aa        0xc C:/Users/Victor/git/reflowOven/bluePillReflow/Release/arduino.ar(spi.c.o)
                0x080073aa                spi_tx_dma_enable
 .text.spi_tx_dma_disable
                0x080073b6        0xc C:/Users/Victor/git/reflowOven/bluePillReflow/Release/arduino.ar(spi.c.o)
                0x080073b6                spi_tx_dma_disable
 .text.spi_config_gpios
                0x080073c2       0x5a C:/Users/Victor/git/reflowOven/bluePillReflow/Release/arduino.ar(spi_f1.c.o)
                0x080073c2                spi_config_gpios
 .text.systick_init
                0x0800741c       0x10 C:/Users/Victor/git/reflowOven/bluePillReflow/Release/arduino.ar(systick.c.o)
                0x0800741c                systick_init
 .text.__exc_systick
                0x0800742c       0x1c C:/Users/Victor/git/reflowOven/bluePillReflow/Release/arduino.ar(systick.c.o)
                0x0800742c                __exc_systick
 .text.timer_oc_set_mode
                0x08007448       0x3a C:/Users/Victor/git/reflowOven/bluePillReflow/Release/arduino.ar(timer.c.o)
 *fill*         0x08007482        0x2 
 .text.timer_foreach
                0x08007484       0x28 C:/Users/Victor/git/reflowOven/bluePillReflow/Release/arduino.ar(timer.c.o)
                0x08007484                timer_foreach
 .text.timer_init
                0x080074ac       0x14 C:/Users/Victor/git/reflowOven/bluePillReflow/Release/arduino.ar(timer.c.o)
                0x080074ac                timer_init
 .text.timer_has_cc_channel
                0x080074c0       0x50 C:/Users/Victor/git/reflowOven/bluePillReflow/Release/arduino.ar(timer.c.o)
                0x080074c0                timer_has_cc_channel
 .text.timer_attach_interrupt
                0x08007510       0xdc C:/Users/Victor/git/reflowOven/bluePillReflow/Release/arduino.ar(timer.c.o)
                0x08007510                timer_attach_interrupt
 .text.timer_detach_interrupt
                0x080075ec       0x1e C:/Users/Victor/git/reflowOven/bluePillReflow/Release/arduino.ar(timer.c.o)
                0x080075ec                timer_detach_interrupt
 *fill*         0x0800760a        0x2 
 .text.timer_set_mode
                0x0800760c       0xc8 C:/Users/Victor/git/reflowOven/bluePillReflow/Release/arduino.ar(timer.c.o)
                0x0800760c                timer_set_mode
 .text.__irq_tim1_brk
                0x080076d4       0x24 C:/Users/Victor/git/reflowOven/bluePillReflow/Release/arduino.ar(timer.c.o)
                0x080076d4                __irq_tim1_brk
 .text.__irq_tim1_up
                0x080076f8       0x24 C:/Users/Victor/git/reflowOven/bluePillReflow/Release/arduino.ar(timer.c.o)
                0x080076f8                __irq_tim1_up
 .text.__irq_tim1_trg_com
                0x0800771c       0x38 C:/Users/Victor/git/reflowOven/bluePillReflow/Release/arduino.ar(timer.c.o)
                0x0800771c                __irq_tim1_trg_com
 .text.__irq_tim1_cc
                0x08007754       0x54 C:/Users/Victor/git/reflowOven/bluePillReflow/Release/arduino.ar(timer.c.o)
                0x08007754                __irq_tim1_cc
 .text.__irq_tim2
                0x080077a8       0x70 C:/Users/Victor/git/reflowOven/bluePillReflow/Release/arduino.ar(timer.c.o)
                0x080077a8                __irq_tim2
 .text.__irq_tim3
                0x08007818       0x70 C:/Users/Victor/git/reflowOven/bluePillReflow/Release/arduino.ar(timer.c.o)
                0x08007818                __irq_tim3
 .text.__irq_tim4
                0x08007888       0x70 C:/Users/Victor/git/reflowOven/bluePillReflow/Release/arduino.ar(timer.c.o)
                0x08007888                __irq_tim4
 .text.rb_remove
                0x080078f8       0x24 C:/Users/Victor/git/reflowOven/bluePillReflow/Release/arduino.ar(usart_f1.c.o)
 .text.rb_push_insert
                0x0800791c       0x52 C:/Users/Victor/git/reflowOven/bluePillReflow/Release/arduino.ar(usart_f1.c.o)
 *fill*         0x0800796e        0x2 
 .text.__irq_usart1
                0x08007970       0x54 C:/Users/Victor/git/reflowOven/bluePillReflow/Release/arduino.ar(usart_f1.c.o)
                0x08007970                __irq_usart1
 .text.__irq_usart2
                0x080079c4       0x54 C:/Users/Victor/git/reflowOven/bluePillReflow/Release/arduino.ar(usart_f1.c.o)
                0x080079c4                __irq_usart2
 .text.__irq_usart3
                0x08007a18       0x54 C:/Users/Victor/git/reflowOven/bluePillReflow/Release/arduino.ar(usart_f1.c.o)
                0x08007a18                __irq_usart3
 .text.usart_putc
                0x08007a6c       0x1c C:/Users/Victor/git/reflowOven/bluePillReflow/Release/arduino.ar(util.c.o)
 .text.usart_putstr
                0x08007a88       0x16 C:/Users/Victor/git/reflowOven/bluePillReflow/Release/arduino.ar(util.c.o)
 *fill*         0x08007a9e        0x2 
 .text.throb    0x08007aa0       0x4c C:/Users/Victor/git/reflowOven/bluePillReflow/Release/arduino.ar(util.c.o)
                0x08007aa0                throb
 .text.__error  0x08007aec       0x14 C:/Users/Victor/git/reflowOven/bluePillReflow/Release/arduino.ar(util.c.o)
                0x08007aec                __error
 .text._fail    0x08007b00       0x64 C:/Users/Victor/git/reflowOven/bluePillReflow/Release/arduino.ar(util.c.o)
                0x08007b00                _fail
 .text._ZN14HardwareSerial4readEv
                0x08007b64       0x4e C:/Users/Victor/git/reflowOven/bluePillReflow/Release/arduino.ar(HardwareSerial.cpp.o)
                0x08007b64                HardwareSerial::read()
 .text._ZN14HardwareSerial4peekEv
                0x08007bb2       0x22 C:/Users/Victor/git/reflowOven/bluePillReflow/Release/arduino.ar(HardwareSerial.cpp.o)
                0x08007bb2                HardwareSerial::peek()
 .text._ZN14HardwareSerial5flushEv
                0x08007bd4       0x1a C:/Users/Victor/git/reflowOven/bluePillReflow/Release/arduino.ar(HardwareSerial.cpp.o)
                0x08007bd4                HardwareSerial::flush()
 .text._ZN14HardwareSerial5writeEh
                0x08007bee       0x1e C:/Users/Victor/git/reflowOven/bluePillReflow/Release/arduino.ar(HardwareSerial.cpp.o)
                0x08007bee                HardwareSerial::write(unsigned char)
 .text._ZN14HardwareSerial9availableEv
                0x08007c0c       0x26 C:/Users/Victor/git/reflowOven/bluePillReflow/Release/arduino.ar(HardwareSerial.cpp.o)
                0x08007c0c                HardwareSerial::available()
 *fill*         0x08007c32        0x2 
 .text._ZN14HardwareSerialC2EP9usart_devhh
                0x08007c34       0x1c C:/Users/Victor/git/reflowOven/bluePillReflow/Release/arduino.ar(HardwareSerial.cpp.o)
                0x08007c34                HardwareSerial::HardwareSerial(usart_dev*, unsigned char, unsigned char)
                0x08007c34                HardwareSerial::HardwareSerial(usart_dev*, unsigned char, unsigned char)
 .text.set_this_dev
                0x08007c50       0x1c C:/Users/Victor/git/reflowOven/bluePillReflow/Release/arduino.ar(HardwareTimer.cpp.o)
 .text._ZN13HardwareTimerC2Eh
                0x08007c6c       0x44 C:/Users/Victor/git/reflowOven/bluePillReflow/Release/arduino.ar(HardwareTimer.cpp.o)
                0x08007c6c                HardwareTimer::HardwareTimer(unsigned char)
                0x08007c6c                HardwareTimer::HardwareTimer(unsigned char)
 .text._ZN13HardwareTimer5pauseEv
                0x08007cb0       0x10 C:/Users/Victor/git/reflowOven/bluePillReflow/Release/arduino.ar(HardwareTimer.cpp.o)
                0x08007cb0                HardwareTimer::pause()
 .text._ZN13HardwareTimer6resumeEv
                0x08007cc0       0x10 C:/Users/Victor/git/reflowOven/bluePillReflow/Release/arduino.ar(HardwareTimer.cpp.o)
                0x08007cc0                HardwareTimer::resume()
 .text._ZN13HardwareTimer17setPrescaleFactorEm
                0x08007cd0        0xc C:/Users/Victor/git/reflowOven/bluePillReflow/Release/arduino.ar(HardwareTimer.cpp.o)
                0x08007cd0                HardwareTimer::setPrescaleFactor(unsigned long)
 .text._ZN13HardwareTimer8setCountEt
                0x08007cdc       0x12 C:/Users/Victor/git/reflowOven/bluePillReflow/Release/arduino.ar(HardwareTimer.cpp.o)
                0x08007cdc                HardwareTimer::setCount(unsigned short)
 .text._ZN13HardwareTimer9setPeriodEm
                0x08007cee       0x3e C:/Users/Victor/git/reflowOven/bluePillReflow/Release/arduino.ar(HardwareTimer.cpp.o)
                0x08007cee                HardwareTimer::setPeriod(unsigned long)
 .text._ZN13HardwareTimer7setModeEi10timer_mode
                0x08007d2c        0x8 C:/Users/Victor/git/reflowOven/bluePillReflow/Release/arduino.ar(HardwareTimer.cpp.o)
                0x08007d2c                HardwareTimer::setMode(int, timer_mode)
 .text._ZN13HardwareTimer10setCompareEit
                0x08007d34       0x1e C:/Users/Victor/git/reflowOven/bluePillReflow/Release/arduino.ar(HardwareTimer.cpp.o)
                0x08007d34                HardwareTimer::setCompare(int, unsigned short)
 .text._ZN13HardwareTimer15attachInterruptEiPFvvE
                0x08007d52        0x8 C:/Users/Victor/git/reflowOven/bluePillReflow/Release/arduino.ar(HardwareTimer.cpp.o)
                0x08007d52                HardwareTimer::attachInterrupt(int, void (*)())
 .text._ZN13HardwareTimer15detachInterruptEi
                0x08007d5a        0x8 C:/Users/Victor/git/reflowOven/bluePillReflow/Release/arduino.ar(HardwareTimer.cpp.o)
                0x08007d5a                HardwareTimer::detachInterrupt(int)
 .text._ZN13HardwareTimer7refreshEv
                0x08007d62       0x12 C:/Users/Victor/git/reflowOven/bluePillReflow/Release/arduino.ar(HardwareTimer.cpp.o)
                0x08007d62                HardwareTimer::refresh()
 .text.startup._GLOBAL__sub_I__ZN13HardwareTimerC2Eh
                0x08007d74       0x38 C:/Users/Victor/git/reflowOven/bluePillReflow/Release/arduino.ar(HardwareTimer.cpp.o)
 .text._ZN5Print5writeEPKc
                0x08007dac       0x1c C:/Users/Victor/git/reflowOven/bluePillReflow/Release/arduino.ar(Print.cpp.o)
                0x08007dac                Print::write(char const*)
 .text._ZN5Print5writeEPKvm
                0x08007dc8       0x20 C:/Users/Victor/git/reflowOven/bluePillReflow/Release/arduino.ar(Print.cpp.o)
                0x08007dc8                Print::write(void const*, unsigned long)
 .text._ZN5Print5printEc
                0x08007de8        0xa C:/Users/Victor/git/reflowOven/bluePillReflow/Release/arduino.ar(Print.cpp.o)
                0x08007de8                Print::print(char)
 .text._ZN5Print5printEPKc
                0x08007df2        0xa C:/Users/Victor/git/reflowOven/bluePillReflow/Release/arduino.ar(Print.cpp.o)
                0x08007df2                Print::print(char const*)
 .text._ZN5Print7printlnEv
                0x08007dfc       0x18 C:/Users/Victor/git/reflowOven/bluePillReflow/Release/arduino.ar(Print.cpp.o)
                0x08007dfc                Print::println()
 .text._ZN5Print7printlnEPKc
                0x08007e14       0x14 C:/Users/Victor/git/reflowOven/bluePillReflow/Release/arduino.ar(Print.cpp.o)
                0x08007e14                Print::println(char const*)
 .text._ZN5Print11printNumberEyh
                0x08007e28       0x84 C:/Users/Victor/git/reflowOven/bluePillReflow/Release/arduino.ar(Print.cpp.o)
                0x08007e28                Print::printNumber(unsigned long long, unsigned char)
 .text._ZN5Print5printExi
                0x08007eac       0x40 C:/Users/Victor/git/reflowOven/bluePillReflow/Release/arduino.ar(Print.cpp.o)
                0x08007eac                Print::print(long long, int)
 .text._ZN5Print5printEii
                0x08007eec       0x12 C:/Users/Victor/git/reflowOven/bluePillReflow/Release/arduino.ar(Print.cpp.o)
                0x08007eec                Print::print(int, int)
 .text._ZN5Print5printEyi
                0x08007efe       0x1c C:/Users/Victor/git/reflowOven/bluePillReflow/Release/arduino.ar(Print.cpp.o)
                0x08007efe                Print::print(unsigned long long, int)
 .text._ZN5Print5printEhi
                0x08007f1a       0x12 C:/Users/Victor/git/reflowOven/bluePillReflow/Release/arduino.ar(Print.cpp.o)
                0x08007f1a                Print::print(unsigned char, int)
 .text.__cxa_pure_virtual
                0x08007f2c        0x2 C:/Users/Victor/git/reflowOven/bluePillReflow/Release/arduino.ar(cxxabi-compat.cpp.o)
                0x08007f2c                __cxa_pure_virtual
 *fill*         0x08007f2e        0x2 
 .text._ZL13exti_out_mode17ExtIntTriggerMode
                0x08007f30       0x24 C:/Users/Victor/git/reflowOven/bluePillReflow/Release/arduino.ar(ext_interrupts.cpp.o)
 .text._Z15attachInterrupthPFvvE17ExtIntTriggerMode
                0x08007f54       0x34 C:/Users/Victor/git/reflowOven/bluePillReflow/Release/arduino.ar(ext_interrupts.cpp.o)
                0x08007f54                attachInterrupt(unsigned char, void (*)(), ExtIntTriggerMode)
 .text._Z15detachInterrupth
                0x08007f88       0x18 C:/Users/Victor/git/reflowOven/bluePillReflow/Release/arduino.ar(ext_interrupts.cpp.o)
                0x08007f88                detachInterrupt(unsigned char)
 .text.startup._Z7premainv
                0x08007fa0        0x4 C:/Users/Victor/git/reflowOven/bluePillReflow/Release/arduino.ar(main.cpp.o)
                0x08007fa0                premain()
 .text.startup.main
                0x08007fa4        0xc C:/Users/Victor/git/reflowOven/bluePillReflow/Release/arduino.ar(main.cpp.o)
                0x08007fa4                main
 .text._Z14tone_handler_1v
                0x08007fb0       0x74 C:/Users/Victor/git/reflowOven/bluePillReflow/Release/arduino.ar(tone.cpp.o)
                0x08007fb0                tone_handler_1()
 .text._Z14tone_handler_2v
                0x08008024       0xa8 C:/Users/Victor/git/reflowOven/bluePillReflow/Release/arduino.ar(tone.cpp.o)
                0x08008024                tone_handler_2()
 .text._Z4tonemmm
                0x080080cc      0x1a0 C:/Users/Victor/git/reflowOven/bluePillReflow/Release/arduino.ar(tone.cpp.o)
                0x080080cc                tone(unsigned long, unsigned long, unsigned long)
 .text.startup._GLOBAL__sub_I_TTimer1
                0x0800826c       0x38 C:/Users/Victor/git/reflowOven/bluePillReflow/Release/arduino.ar(tone.cpp.o)
 .text._Z10analogReadh
                0x080082a4       0x1c C:/Users/Victor/git/reflowOven/bluePillReflow/Release/arduino.ar(wirish_analog.cpp.o)
                0x080082a4                analogRead(unsigned char)
 .text._Z11digitalReadh
                0x080082c0       0x2c C:/Users/Victor/git/reflowOven/bluePillReflow/Release/arduino.ar(wirish_digital.cpp.o)
                0x080082c0                digitalRead(unsigned char)
 .text._Z12digitalWritehh
                0x080082ec       0x2c C:/Users/Victor/git/reflowOven/bluePillReflow/Release/arduino.ar(wirish_digital.cpp.o)
                0x080082ec                digitalWrite(unsigned char, unsigned char)
 .text._Z5delaym
                0x08008318       0x1c C:/Users/Victor/git/reflowOven/bluePillReflow/Release/arduino.ar(wirish_time.cpp.o)
                0x08008318                delay(unsigned long)
 .text._Z17delayMicrosecondsm
                0x08008334        0xe C:/Users/Victor/git/reflowOven/bluePillReflow/Release/arduino.ar(wirish_time.cpp.o)
                0x08008334                delayMicroseconds(unsigned long)
 *fill*         0x08008342        0x2 
 .text._ZL18adc_default_configP7adc_dev
                0x08008344       0x1c C:/Users/Victor/git/reflowOven/bluePillReflow/Release/arduino.ar(boards.cpp.o)
 .text._ZL20timer_default_configP9timer_dev
                0x08008360       0x9e C:/Users/Victor/git/reflowOven/bluePillReflow/Release/arduino.ar(boards.cpp.o)
 *fill*         0x080083fe        0x2 
 .text._Z4initv
                0x08008400       0xbc C:/Users/Victor/git/reflowOven/bluePillReflow/Release/arduino.ar(boards.cpp.o)
                0x08008400                init()
 .text._ZN6wirish4priv15board_reset_pllEv
                0x080084bc        0x2 C:/Users/Victor/git/reflowOven/bluePillReflow/Release/arduino.ar(boards_setup.cpp.o)
                0x080084bc                wirish::priv::board_reset_pll()
 .text._ZN6wirish4priv28board_setup_clock_prescalersEv
                0x080084be       0x2e C:/Users/Victor/git/reflowOven/bluePillReflow/Release/arduino.ar(boards_setup.cpp.o)
                0x080084be                wirish::priv::board_setup_clock_prescalers()
 .text._ZN6wirish4priv16board_setup_gpioEv
                0x080084ec        0x4 C:/Users/Victor/git/reflowOven/bluePillReflow/Release/arduino.ar(boards_setup.cpp.o)
                0x080084ec                wirish::priv::board_setup_gpio()
 .text._ZN6wirish4priv15board_setup_usbEv
                0x080084f0       0x54 C:/Users/Victor/git/reflowOven/bluePillReflow/Release/arduino.ar(boards_setup.cpp.o)
                0x080084f0                wirish::priv::board_setup_usb()
 .text._ZN6wirish4priv11series_initEv
                0x08008544        0x4 C:/Users/Victor/git/reflowOven/bluePillReflow/Release/arduino.ar(boards_setup.cpp.o)
                0x08008544                wirish::priv::series_init()
 .text.Standard_GetConfiguration
                0x08008548       0x24 C:/Users/Victor/git/reflowOven/bluePillReflow/Release/arduino.ar(usb_core.c.o)
                0x08008548                Standard_GetConfiguration
 .text.Standard_GetInterface
                0x0800856c       0x24 C:/Users/Victor/git/reflowOven/bluePillReflow/Release/arduino.ar(usb_core.c.o)
                0x0800856c                Standard_GetInterface
 .text.Standard_GetStatus
                0x08008590       0x90 C:/Users/Victor/git/reflowOven/bluePillReflow/Release/arduino.ar(usb_core.c.o)
                0x08008590                Standard_GetStatus
 .text.DataStageIn
                0x08008620       0xa8 C:/Users/Victor/git/reflowOven/bluePillReflow/Release/arduino.ar(usb_core.c.o)
 .text.Standard_SetConfiguration
                0x080086c8       0x38 C:/Users/Victor/git/reflowOven/bluePillReflow/Release/arduino.ar(usb_core.c.o)
                0x080086c8                Standard_SetConfiguration
 .text.Standard_SetInterface
                0x08008700       0x48 C:/Users/Victor/git/reflowOven/bluePillReflow/Release/arduino.ar(usb_core.c.o)
                0x08008700                Standard_SetInterface
 .text.Standard_ClearFeature
                0x08008748       0xd0 C:/Users/Victor/git/reflowOven/bluePillReflow/Release/arduino.ar(usb_core.c.o)
                0x08008748                Standard_ClearFeature
 .text.Standard_SetEndPointFeature
                0x08008818       0x84 C:/Users/Victor/git/reflowOven/bluePillReflow/Release/arduino.ar(usb_core.c.o)
                0x08008818                Standard_SetEndPointFeature
 .text.Standard_SetDeviceFeature
                0x0800889c       0x24 C:/Users/Victor/git/reflowOven/bluePillReflow/Release/arduino.ar(usb_core.c.o)
                0x0800889c                Standard_SetDeviceFeature
 .text.Standard_GetDescriptorData
                0x080088c0       0x1c C:/Users/Victor/git/reflowOven/bluePillReflow/Release/arduino.ar(usb_core.c.o)
                0x080088c0                Standard_GetDescriptorData
 .text.Post0_Process
                0x080088dc       0x40 C:/Users/Victor/git/reflowOven/bluePillReflow/Release/arduino.ar(usb_core.c.o)
                0x080088dc                Post0_Process
 .text.Setup0_Process
                0x0800891c      0x2d0 C:/Users/Victor/git/reflowOven/bluePillReflow/Release/arduino.ar(usb_core.c.o)
                0x0800891c                Setup0_Process
 .text.Out0_Process
                0x08008bec       0xc8 C:/Users/Victor/git/reflowOven/bluePillReflow/Release/arduino.ar(usb_core.c.o)
                0x08008bec                Out0_Process
 .text.SetDeviceAddress
                0x08008cb4       0x38 C:/Users/Victor/git/reflowOven/bluePillReflow/Release/arduino.ar(usb_core.c.o)
                0x08008cb4                SetDeviceAddress
 .text.In0_Process
                0x08008cec       0x5c C:/Users/Victor/git/reflowOven/bluePillReflow/Release/arduino.ar(usb_core.c.o)
                0x08008cec                In0_Process
 .text.NOP_Process
                0x08008d48        0x2 C:/Users/Victor/git/reflowOven/bluePillReflow/Release/arduino.ar(usb_core.c.o)
                0x08008d48                NOP_Process
 .text.UserToPMABufferCopy
                0x08008d4a       0x30 C:/Users/Victor/git/reflowOven/bluePillReflow/Release/arduino.ar(usb_mem.c.o)
                0x08008d4a                UserToPMABufferCopy
 .text.PMAToUserBufferCopy
                0x08008d7a       0x24 C:/Users/Victor/git/reflowOven/bluePillReflow/Release/arduino.ar(usb_mem.c.o)
                0x08008d7a                PMAToUserBufferCopy
 .text.SetEPTxStatus
                0x08008d9e       0x2a C:/Users/Victor/git/reflowOven/bluePillReflow/Release/arduino.ar(usb_regs.c.o)
                0x08008d9e                SetEPTxStatus
 .text.ClearDTOG_RX
                0x08008dc8       0x20 C:/Users/Victor/git/reflowOven/bluePillReflow/Release/arduino.ar(usb_regs.c.o)
                0x08008dc8                ClearDTOG_RX
 .text.ClearDTOG_TX
                0x08008de8       0x20 C:/Users/Victor/git/reflowOven/bluePillReflow/Release/arduino.ar(usb_regs.c.o)
                0x08008de8                ClearDTOG_TX
 .text.GetEPTxAddr
                0x08008e08       0x1c C:/Users/Victor/git/reflowOven/bluePillReflow/Release/arduino.ar(usb_regs.c.o)
                0x08008e08                GetEPTxAddr
 .text.GetEPRxAddr
                0x08008e24       0x1c C:/Users/Victor/git/reflowOven/bluePillReflow/Release/arduino.ar(usb_regs.c.o)
                0x08008e24                GetEPRxAddr
 .text.SetEPTxCount
                0x08008e40       0x1c C:/Users/Victor/git/reflowOven/bluePillReflow/Release/arduino.ar(usb_regs.c.o)
                0x08008e40                SetEPTxCount
 .text.SetEPRxCount
                0x08008e5c       0x40 C:/Users/Victor/git/reflowOven/bluePillReflow/Release/arduino.ar(usb_regs.c.o)
                0x08008e5c                SetEPRxCount
 .text.adc_init
                0x08008e9c       0x14 C:/Users/Victor/git/reflowOven/bluePillReflow/Release/arduino.ar(adc.c.o)
                0x08008e9c                adc_init
 .text.adc_set_extsel
                0x08008eb0       0x12 C:/Users/Victor/git/reflowOven/bluePillReflow/Release/arduino.ar(adc.c.o)
                0x08008eb0                adc_set_extsel
 .text.adc_set_sample_rate
                0x08008ec2       0x30 C:/Users/Victor/git/reflowOven/bluePillReflow/Release/arduino.ar(adc.c.o)
                0x08008ec2                adc_set_sample_rate
 .text.adc_read
                0x08008ef2       0x20 C:/Users/Victor/git/reflowOven/bluePillReflow/Release/arduino.ar(adc.c.o)
                0x08008ef2                adc_read
 *fill*         0x08008f12        0x2 
 .text.exti_attach_callback
                0x08008f14       0xd0 C:/Users/Victor/git/reflowOven/bluePillReflow/Release/arduino.ar(exti.c.o)
                0x08008f14                exti_attach_callback
 .text.exti_attach_interrupt
                0x08008fe4       0x10 C:/Users/Victor/git/reflowOven/bluePillReflow/Release/arduino.ar(exti.c.o)
                0x08008fe4                exti_attach_interrupt
 .text.exti_detach_interrupt
                0x08008ff4       0x28 C:/Users/Victor/git/reflowOven/bluePillReflow/Release/arduino.ar(exti.c.o)
                0x08008ff4                exti_detach_interrupt
 .text.exti_do_select
                0x0800901c       0x1a C:/Users/Victor/git/reflowOven/bluePillReflow/Release/arduino.ar(exti.c.o)
                0x0800901c                exti_do_select
 *fill*         0x08009036        0x2 
 .text.__irq_exti0
                0x08009038       0x20 C:/Users/Victor/git/reflowOven/bluePillReflow/Release/arduino.ar(exti.c.o)
                0x08009038                __irq_exti0
 .text.__irq_exti1
                0x08009058       0x20 C:/Users/Victor/git/reflowOven/bluePillReflow/Release/arduino.ar(exti.c.o)
                0x08009058                __irq_exti1
 .text.__irq_exti2
                0x08009078       0x20 C:/Users/Victor/git/reflowOven/bluePillReflow/Release/arduino.ar(exti.c.o)
                0x08009078                __irq_exti2
 .text.__irq_exti3
                0x08009098       0x20 C:/Users/Victor/git/reflowOven/bluePillReflow/Release/arduino.ar(exti.c.o)
                0x08009098                __irq_exti3
 .text.__irq_exti4
                0x080090b8       0x20 C:/Users/Victor/git/reflowOven/bluePillReflow/Release/arduino.ar(exti.c.o)
                0x080090b8                __irq_exti4
 .text.__irq_exti9_5
                0x080090d8       0x44 C:/Users/Victor/git/reflowOven/bluePillReflow/Release/arduino.ar(exti.c.o)
                0x080090d8                __irq_exti9_5
 .text.__irq_exti15_10
                0x0800911c       0x44 C:/Users/Victor/git/reflowOven/bluePillReflow/Release/arduino.ar(exti.c.o)
                0x0800911c                __irq_exti15_10
 .text.exti_select
                0x08009160       0x18 C:/Users/Victor/git/reflowOven/bluePillReflow/Release/arduino.ar(exti_f1.c.o)
                0x08009160                exti_select
 .text.flash_set_latency
                0x08009178       0x14 C:/Users/Victor/git/reflowOven/bluePillReflow/Release/arduino.ar(flash.c.o)
                0x08009178                flash_set_latency
 .text.gpio_init
                0x0800918c       0x14 C:/Users/Victor/git/reflowOven/bluePillReflow/Release/arduino.ar(gpio.c.o)
                0x0800918c                gpio_init
 .text.usart_tx
                0x080091a0       0x9c C:/Users/Victor/git/reflowOven/bluePillReflow/Release/arduino.ar(usart.c.o)
                0x080091a0                usart_tx
 .text.usart_putudec
                0x0800923c       0x44 C:/Users/Victor/git/reflowOven/bluePillReflow/Release/arduino.ar(usart.c.o)
                0x0800923c                usart_putudec
 .text.__empty  0x08009280        0x2 C:/Users/Victor/git/reflowOven/bluePillReflow/Release/arduino.ar(hooks.c.o)
                0x08009280                yield
 .text._ZN9USBSerial9availableEv
                0x08009282        0x4 C:/Users/Victor/git/reflowOven/bluePillReflow/Release/arduino.ar(usb_serial.cpp.o)
                0x08009282                USBSerial::available()
 .text._ZN9USBSerial4peekEv
                0x08009286       0x1e C:/Users/Victor/git/reflowOven/bluePillReflow/Release/arduino.ar(usb_serial.cpp.o)
                0x08009286                USBSerial::peek()
 .text._ZN9USBSerial4readEv
                0x080092a4       0x1e C:/Users/Victor/git/reflowOven/bluePillReflow/Release/arduino.ar(usb_serial.cpp.o)
                0x080092a4                USBSerial::read()
 *fill*         0x080092c2        0x2 
 .text._ZL14ifaceSetupHookjPv
                0x080092c4       0x50 C:/Users/Victor/git/reflowOven/bluePillReflow/Release/arduino.ar(usb_serial.cpp.o)
 .text._ZL6rxHookjPv
                0x08009314       0x98 C:/Users/Victor/git/reflowOven/bluePillReflow/Release/arduino.ar(usb_serial.cpp.o)
 .text._ZL10wait_resetv
                0x080093ac       0x10 C:/Users/Victor/git/reflowOven/bluePillReflow/Release/arduino.ar(usb_serial.cpp.o)
 .text._ZN9USBSerialC2Ev
                0x080093bc       0x14 C:/Users/Victor/git/reflowOven/bluePillReflow/Release/arduino.ar(usb_serial.cpp.o)
                0x080093bc                USBSerial::USBSerial()
                0x080093bc                USBSerial::USBSerial()
 .text._ZN9USBSerial5beginEv
                0x080093d0       0x34 C:/Users/Victor/git/reflowOven/bluePillReflow/Release/arduino.ar(usb_serial.cpp.o)
                0x080093d0                USBSerial::begin()
 .text._ZN9USBSerial4readEPhm
                0x08009404       0x1c C:/Users/Victor/git/reflowOven/bluePillReflow/Release/arduino.ar(usb_serial.cpp.o)
                0x08009404                USBSerial::read(unsigned char*, unsigned long)
 .text._ZN9USBSerial5flushEv
                0x08009420       0x1c C:/Users/Victor/git/reflowOven/bluePillReflow/Release/arduino.ar(usb_serial.cpp.o)
                0x08009420                USBSerial::flush()
 .text._ZN9USBSerialcvbEv
                0x0800943c       0x20 C:/Users/Victor/git/reflowOven/bluePillReflow/Release/arduino.ar(usb_serial.cpp.o)
                0x0800943c                USBSerial::operator bool()
 .text._ZN9USBSerial5writeEPKhm
                0x0800945c       0x24 C:/Users/Victor/git/reflowOven/bluePillReflow/Release/arduino.ar(usb_serial.cpp.o)
                0x0800945c                USBSerial::write(unsigned char const*, unsigned long)
 .text._ZN9USBSerial5writeEh
                0x08009480       0x18 C:/Users/Victor/git/reflowOven/bluePillReflow/Release/arduino.ar(usb_serial.cpp.o)
                0x08009480                USBSerial::write(unsigned char)
 .text._ZN9USBSerial5writeEPKc
                0x08009498       0x1a C:/Users/Victor/git/reflowOven/bluePillReflow/Release/arduino.ar(usb_serial.cpp.o)
                0x08009498                USBSerial::write(char const*)
 *fill*         0x080094b2        0x2 
 .text.startup._GLOBAL__sub_I__ZN9USBSerial9_hasBegunE
                0x080094b4        0xc C:/Users/Victor/git/reflowOven/bluePillReflow/Release/arduino.ar(usb_serial.cpp.o)
 .text.iwdg_init
                0x080094c0       0x20 C:/Users/Victor/git/reflowOven/bluePillReflow/Release/arduino.ar(iwdg.c.o)
                0x080094c0                iwdg_init
 .text.__aeabi_atexit
                0x080094e0        0xc c:/sloeber/arduinoplugin/packages/arduino/tools/arm-none-eabi-gcc/4.8.3-2014q1/bin/../lib/gcc/arm-none-eabi/4.8.3/../../../../arm-none-eabi/lib/armv7-m\libstdc++.a(atexit_arm.o)
                0x080094e0                __aeabi_atexit
 .text.lround   0x080094ec       0x94 c:/sloeber/arduinoplugin/packages/arduino/tools/arm-none-eabi-gcc/4.8.3-2014q1/bin/../lib/gcc/arm-none-eabi/4.8.3/../../../../arm-none-eabi/lib/armv7-m\libm.a(lib_a-s_lround.o)
                0x080094ec                lround
 .text.__signbitf
                0x08009580        0x8 c:/sloeber/arduinoplugin/packages/arduino/tools/arm-none-eabi-gcc/4.8.3-2014q1/bin/../lib/gcc/arm-none-eabi/4.8.3/../../../../arm-none-eabi/lib/armv7-m\libm.a(lib_a-s_signbit.o)
                0x08009580                __signbitf
 .text          0x08009588      0x370 c:/sloeber/arduinoplugin/packages/arduino/tools/arm-none-eabi-gcc/4.8.3-2014q1/bin/../lib/gcc/arm-none-eabi/4.8.3/armv7-m\libgcc.a(_arm_addsubdf3.o)
                0x08009588                __aeabi_drsub
                0x08009590                __aeabi_dsub
                0x08009590                __subdf3
                0x08009594                __aeabi_dadd
                0x08009594                __adddf3
                0x0800980c                __floatunsidf
                0x0800980c                __aeabi_ui2d
                0x0800982c                __floatsidf
                0x0800982c                __aeabi_i2d
                0x08009850                __aeabi_f2d
                0x08009850                __extendsfdf2
                0x0800988c                __floatundidf
                0x0800988c                __aeabi_ul2d
                0x0800989c                __floatdidf
                0x0800989c                __aeabi_l2d
 .text          0x080098f8      0x424 c:/sloeber/arduinoplugin/packages/arduino/tools/arm-none-eabi-gcc/4.8.3-2014q1/bin/../lib/gcc/arm-none-eabi/4.8.3/armv7-m\libgcc.a(_arm_muldivdf3.o)
                0x080098f8                __aeabi_dmul
                0x080098f8                __muldf3
                0x08009b4c                __divdf3
                0x08009b4c                __aeabi_ddiv
 .text          0x08009d1c      0x110 c:/sloeber/arduinoplugin/packages/arduino/tools/arm-none-eabi-gcc/4.8.3-2014q1/bin/../lib/gcc/arm-none-eabi/4.8.3/armv7-m\libgcc.a(_arm_cmpdf2.o)
                0x08009d1c                __gtdf2
                0x08009d1c                __gedf2
                0x08009d24                __ltdf2
                0x08009d24                __ledf2
                0x08009d2c                __nedf2
                0x08009d2c                __eqdf2
                0x08009d2c                __cmpdf2
                0x08009da8                __aeabi_cdrcmple
                0x08009db8                __aeabi_cdcmpeq
                0x08009db8                __aeabi_cdcmple
                0x08009dc8                __aeabi_dcmpeq
                0x08009ddc                __aeabi_dcmplt
                0x08009df0                __aeabi_dcmple
                0x08009e04                __aeabi_dcmpge
                0x08009e18                __aeabi_dcmpgt
 .text          0x08009e2c       0x50 c:/sloeber/arduinoplugin/packages/arduino/tools/arm-none-eabi-gcc/4.8.3-2014q1/bin/../lib/gcc/arm-none-eabi/4.8.3/armv7-m\libgcc.a(_arm_fixdfsi.o)
                0x08009e2c                __aeabi_d2iz
                0x08009e2c                __fixdfsi
 .text          0x08009e7c       0x40 c:/sloeber/arduinoplugin/packages/arduino/tools/arm-none-eabi-gcc/4.8.3-2014q1/bin/../lib/gcc/arm-none-eabi/4.8.3/armv7-m\libgcc.a(_arm_fixunsdfsi.o)
                0x08009e7c                __aeabi_d2uiz
                0x08009e7c                __fixunsdfsi
 .text          0x08009ebc       0xa0 c:/sloeber/arduinoplugin/packages/arduino/tools/arm-none-eabi-gcc/4.8.3-2014q1/bin/../lib/gcc/arm-none-eabi/4.8.3/armv7-m\libgcc.a(_arm_truncdfsf2.o)
                0x08009ebc                __truncdfsf2
                0x08009ebc                __aeabi_d2f
 .text          0x08009f5c      0x21c c:/sloeber/arduinoplugin/packages/arduino/tools/arm-none-eabi-gcc/4.8.3-2014q1/bin/../lib/gcc/arm-none-eabi/4.8.3/armv7-m\libgcc.a(_arm_addsubsf3.o)
                0x08009f5c                __aeabi_frsub
                0x08009f64                __subsf3
                0x08009f64                __aeabi_fsub
                0x08009f68                __aeabi_fadd
                0x08009f68                __addsf3
                0x0800a0c8                __aeabi_ui2f
                0x0800a0c8                __floatunsisf
                0x0800a0d0                __aeabi_i2f
                0x0800a0d0                __floatsisf
                0x0800a0ec                __aeabi_ul2f
                0x0800a0ec                __floatundisf
                0x0800a0fc                __aeabi_l2f
                0x0800a0fc                __floatdisf
 .text          0x0800a178      0x2a0 c:/sloeber/arduinoplugin/packages/arduino/tools/arm-none-eabi-gcc/4.8.3-2014q1/bin/../lib/gcc/arm-none-eabi/4.8.3/armv7-m\libgcc.a(_arm_muldivsf3.o)
                0x0800a178                __mulsf3
                0x0800a178                __aeabi_fmul
                0x0800a2e0                __aeabi_fdiv
                0x0800a2e0                __divsf3
 .text          0x0800a418       0xec c:/sloeber/arduinoplugin/packages/arduino/tools/arm-none-eabi-gcc/4.8.3-2014q1/bin/../lib/gcc/arm-none-eabi/4.8.3/armv7-m\libgcc.a(_arm_cmpsf2.o)
                0x0800a418                __gesf2
                0x0800a418                __gtsf2
                0x0800a420                __lesf2
                0x0800a420                __ltsf2
                0x0800a428                __nesf2
                0x0800a428                __eqsf2
                0x0800a428                __cmpsf2
                0x0800a488                __aeabi_cfrcmple
                0x0800a490                __aeabi_cfcmpeq
                0x0800a490                __aeabi_cfcmple
                0x0800a4a0                __aeabi_fcmpeq
                0x0800a4b4                __aeabi_fcmplt
                0x0800a4c8                __aeabi_fcmple
                0x0800a4dc                __aeabi_fcmpge
                0x0800a4f0                __aeabi_fcmpgt
 .text          0x0800a504       0x4c c:/sloeber/arduinoplugin/packages/arduino/tools/arm-none-eabi-gcc/4.8.3-2014q1/bin/../lib/gcc/arm-none-eabi/4.8.3/armv7-m\libgcc.a(_arm_fixsfsi.o)
                0x0800a504                __aeabi_f2iz
                0x0800a504                __fixsfsi
 .text          0x0800a550       0x40 c:/sloeber/arduinoplugin/packages/arduino/tools/arm-none-eabi-gcc/4.8.3-2014q1/bin/../lib/gcc/arm-none-eabi/4.8.3/armv7-m\libgcc.a(_arm_fixunssfsi.o)
                0x0800a550                __fixunssfsi
                0x0800a550                __aeabi_f2uiz
 .text          0x0800a590       0x2c c:/sloeber/arduinoplugin/packages/arduino/tools/arm-none-eabi-gcc/4.8.3-2014q1/bin/../lib/gcc/arm-none-eabi/4.8.3/armv7-m\libgcc.a(_aeabi_uldivmod.o)
                0x0800a590                __aeabi_uldivmod
 .text          0x0800a5bc       0x60 c:/sloeber/arduinoplugin/packages/arduino/tools/arm-none-eabi-gcc/4.8.3-2014q1/bin/../lib/gcc/arm-none-eabi/4.8.3/armv7-m\libgcc.a(bpabi.o)
                0x0800a5bc                __gnu_ldivmod_helper
                0x0800a5ec                __gnu_uldivmod_helper
 .text          0x0800a61c        0x4 c:/sloeber/arduinoplugin/packages/arduino/tools/arm-none-eabi-gcc/4.8.3-2014q1/bin/../lib/gcc/arm-none-eabi/4.8.3/armv7-m\libgcc.a(_dvmd_tls.o)
                0x0800a61c                __aeabi_idiv0
                0x0800a61c                __aeabi_ldiv0
 .text          0x0800a620      0x2a0 c:/sloeber/arduinoplugin/packages/arduino/tools/arm-none-eabi-gcc/4.8.3-2014q1/bin/../lib/gcc/arm-none-eabi/4.8.3/armv7-m\libgcc.a(_divdi3.o)
                0x0800a620                __divdi3
 .text          0x0800a8c0      0x290 c:/sloeber/arduinoplugin/packages/arduino/tools/arm-none-eabi-gcc/4.8.3-2014q1/bin/../lib/gcc/arm-none-eabi/4.8.3/armv7-m\libgcc.a(_udivdi3.o)
                0x0800a8c0                __udivdi3
 .text.__cxa_atexit
                0x0800ab50       0x14 c:/sloeber/arduinoplugin/packages/arduino/tools/arm-none-eabi-gcc/4.8.3-2014q1/bin/../lib/gcc/arm-none-eabi/4.8.3/../../../../arm-none-eabi/lib/armv7-m\libc.a(lib_a-cxa_atexit.o)
                0x0800ab50                __cxa_atexit
 .text.__errno  0x0800ab64        0xc c:/sloeber/arduinoplugin/packages/arduino/tools/arm-none-eabi-gcc/4.8.3-2014q1/bin/../lib/gcc/arm-none-eabi/4.8.3/../../../../arm-none-eabi/lib/armv7-m\libc.a(lib_a-errno.o)
                0x0800ab64                __errno
 .text.exit     0x0800ab70       0x20 c:/sloeber/arduinoplugin/packages/arduino/tools/arm-none-eabi-gcc/4.8.3-2014q1/bin/../lib/gcc/arm-none-eabi/4.8.3/../../../../arm-none-eabi/lib/armv7-m\libc.a(lib_a-exit.o)
                0x0800ab70                exit
 .text.__libc_init_array
                0x0800ab90       0x50 c:/sloeber/arduinoplugin/packages/arduino/tools/arm-none-eabi-gcc/4.8.3-2014q1/bin/../lib/gcc/arm-none-eabi/4.8.3/../../../../arm-none-eabi/lib/armv7-m\libc.a(lib_a-init.o)
                0x0800ab90                __libc_init_array